The target system is: Android - 1 - armv7-a
The host system is: Linux - 6.6.114.1-microsoft-standard-WSL2 - x86_64
Compiling the C compiler identification source file "CMakeCCompilerId.c" succeeded.
Compiler: /opt/android-sdk/ndk/28.2.13676358/toolchains/llvm/prebuilt/linux-x86_64/bin/clang 
Build flags: -g;-DANDROID;-fdata-sections;-ffunction-sections;-funwind-tables;-fstack-protector-strong;-no-canonical-prefixes;-D_FORTIFY_SOURCE=2;-march=armv7-a;-mthumb;-Wformat;-Werror=format-security;
Id flags: -c;--target=armv7-none-linux-androideabi26 

The output was:
0


Compilation of the C compiler identification source "CMakeCCompilerId.c" produced "CMakeCCompilerId.o"

The C compiler identification is Clang, found in "/mnt/e/Gitbutler Repos/komikku-image-scaling/app/.cxx/Debug/5v1f3h20/armeabi-v7a/CMakeFiles/3.22.1-g37088a8/CompilerIdC/CMakeCCompilerId.o"

Compiling the CXX compiler identification source file "CMakeCXXCompilerId.cpp" succeeded.
Compiler: /opt/android-sdk/ndk/28.2.13676358/toolchains/llvm/prebuilt/linux-x86_64/bin/clang++ 
Build flags: -g;-DANDROID;-fdata-sections;-ffunction-sections;-funwind-tables;-fstack-protector-strong;-no-canonical-prefixes;-D_FORTIFY_SOURCE=2;-march=armv7-a;-mthumb;-Wformat;-Werror=format-security;;
Id flags: -c;--target=armv7-none-linux-androideabi26 

The output was:
0


Compilation of the CXX compiler identification source "CMakeCXXCompilerId.cpp" produced "CMakeCXXCompilerId.o"

The CXX compiler identification is Clang, found in "/mnt/e/Gitbutler Repos/komikku-image-scaling/app/.cxx/Debug/5v1f3h20/armeabi-v7a/CMakeFiles/3.22.1-g37088a8/CompilerIdCXX/CMakeCXXCompilerId.o"

Detecting C compiler ABI info compiled with the following output:
Change Dir: /mnt/e/Gitbutler Repos/komikku-image-scaling/app/.cxx/Debug/5v1f3h20/armeabi-v7a/CMakeFiles/CMakeTmp

Run Build Command(s):/opt/android-sdk/cmake/3.22.1/bin/ninja cmTC_31483 && [1/2] Building C object CMakeFiles/cmTC_31483.dir/CMakeCCompilerABI.c.o
Android (13624864, +pgo, +bolt, +lto, +mlgo, based on r530567e) clang version 19.0.1 (https://android.googlesource.com/toolchain/llvm-project 97a699bf4812a18fb657c2779f5296a4ab2694d2)
Target: armv7-none-linux-android26
Thread model: posix
InstalledDir: /opt/android-sdk/ndk/28.2.13676358/toolchains/llvm/prebuilt/linux-x86_64/bin
 (in-process)
 "/opt/android-sdk/ndk/28.2.13676358/toolchains/llvm/prebuilt/linux-x86_64/bin/clang" -cc1 -triple thumbv7-none-linux-android26 -emit-obj -mrelax-all -disable-free -clear-ast-before-backend -disable-llvm-verifier -discard-value-names -main-file-name CMakeCCompilerABI.c -mrelocation-model pic -pic-level 2 -pic-is-pie -mframe-pointer=all -ffp-contract=on -fno-rounding-math -mconstructor-aliases -funwind-tables=1 -target-cpu generic -target-feature +soft-float-abi -target-feature +vfp2 -target-feature +vfp2sp -target-feature +vfp3 -target-feature +vfp3d16 -target-feature +vfp3d16sp -target-feature +vfp3sp -target-feature -fp16 -target-feature -vfp4 -target-feature -vfp4d16 -target-feature -vfp4d16sp -target-feature -vfp4sp -target-feature -fp-armv8 -target-feature -fp-armv8d16 -target-feature -fp-armv8d16sp -target-feature -fp-armv8sp -target-feature -fullfp16 -target-feature +fp64 -target-feature +d32 -target-feature +neon -target-feature -sha2 -target-feature -aes -target-feature -fp16fml -target-abi aapcs-linux -mfloat-abi soft -debug-info-kind=constructor -dwarf-version=4 -debugger-tuning=gdb "-fdebug-compilation-dir=/mnt/e/Gitbutler Repos/komikku-image-scaling/app/.cxx/Debug/5v1f3h20/armeabi-v7a/CMakeFiles/CMakeTmp" -v -ffunction-sections -fdata-sections "-fcoverage-compilation-dir=/mnt/e/Gitbutler Repos/komikku-image-scaling/app/.cxx/Debug/5v1f3h20/armeabi-v7a/CMakeFiles/CMakeTmp" -resource-dir /opt/android-sdk/ndk/28.2.13676358/toolchains/llvm/prebuilt/linux-x86_64/lib/clang/19 -dependency-file CMakeFiles/cmTC_31483.dir/CMakeCCompilerABI.c.o.d -MT CMakeFiles/cmTC_31483.dir/CMakeCCompilerABI.c.o -sys-header-deps -D ANDROID -D _FORTIFY_SOURCE=2 -isysroot /opt/android-sdk/ndk/28.2.13676358/toolchains/llvm/prebuilt/linux-x86_64/sysroot -internal-isystem /opt/android-sdk/ndk/28.2.13676358/toolchains/llvm/prebuilt/linux-x86_64/lib/clang/19/include -internal-isystem /opt/android-sdk/ndk/28.2.13676358/toolchains/llvm/prebuilt/linux-x86_64/sysroot/usr/local/include -internal-externc-isystem /opt/android-sdk/ndk/28.2.13676358/toolchains/llvm/prebuilt/linux-x86_64/sysroot/usr/include/arm-linux-androideabi -internal-externc-isystem /opt/android-sdk/ndk/28.2.13676358/toolchains/llvm/prebuilt/linux-x86_64/sysroot/include -internal-externc-isystem /opt/android-sdk/ndk/28.2.13676358/toolchains/llvm/prebuilt/linux-x86_64/sysroot/usr/include -Wformat -ferror-limit 19 -femulated-tls -stack-protector 2 -fno-signed-char -fgnuc-version=4.2.1 -fskip-odr-check-in-gmf -D__GCC_HAVE_DWARF2_CFI_ASM=1 -o CMakeFiles/cmTC_31483.dir/CMakeCCompilerABI.c.o -x c /opt/android-sdk/cmake/3.22.1/share/cmake-3.22/Modules/CMakeCCompilerABI.c
clang -cc1 version 19.0.1 based upon LLVM 19.0.1 default target x86_64-unknown-linux-gnu
ignoring nonexistent directory "/opt/android-sdk/ndk/28.2.13676358/toolchains/llvm/prebuilt/linux-x86_64/sysroot/usr/local/include"
ignoring nonexistent directory "/opt/android-sdk/ndk/28.2.13676358/toolchains/llvm/prebuilt/linux-x86_64/sysroot/include"
#include "..." search starts here:
#include <...> search starts here:
 /opt/android-sdk/ndk/28.2.13676358/toolchains/llvm/prebuilt/linux-x86_64/lib/clang/19/include
 /opt/android-sdk/ndk/28.2.13676358/toolchains/llvm/prebuilt/linux-x86_64/sysroot/usr/include/arm-linux-androideabi
 /opt/android-sdk/ndk/28.2.13676358/toolchains/llvm/prebuilt/linux-x86_64/sysroot/usr/include
End of search list.
[2/2] Linking C executable cmTC_31483
Android (13624864, +pgo, +bolt, +lto, +mlgo, based on r530567e) clang version 19.0.1 (https://android.googlesource.com/toolchain/llvm-project 97a699bf4812a18fb657c2779f5296a4ab2694d2)
Target: armv7-none-linux-android26
Thread model: posix
InstalledDir: /opt/android-sdk/ndk/28.2.13676358/toolchains/llvm/prebuilt/linux-x86_64/bin
 "/opt/android-sdk/ndk/28.2.13676358/toolchains/llvm/prebuilt/linux-x86_64/bin/ld.lld" --sysroot=/opt/android-sdk/ndk/28.2.13676358/toolchains/llvm/prebuilt/linux-x86_64/sysroot -EL -z now -z relro -z max-page-size=4096 -X --hash-style=gnu --eh-frame-hdr -m armelf_linux_eabi -pie -dynamic-linker /system/bin/linker -o cmTC_31483 /opt/android-sdk/ndk/28.2.13676358/toolchains/llvm/prebuilt/linux-x86_64/sysroot/usr/lib/arm-linux-androideabi/26/crtbegin_dynamic.o -L/opt/android-sdk/ndk/28.2.13676358/toolchains/llvm/prebuilt/linux-x86_64/lib/clang/19/lib/linux/arm -L/opt/android-sdk/ndk/28.2.13676358/toolchains/llvm/prebuilt/linux-x86_64/sysroot/usr/lib/arm-linux-androideabi/26 -L/opt/android-sdk/ndk/28.2.13676358/toolchains/llvm/prebuilt/linux-x86_64/sysroot/usr/lib/arm-linux-androideabi -L/opt/android-sdk/ndk/28.2.13676358/toolchains/llvm/prebuilt/linux-x86_64/sysroot/usr/lib/../lib -L/opt/android-sdk/ndk/28.2.13676358/toolchains/llvm/prebuilt/linux-x86_64/sysroot/usr/lib --build-id=sha1 --no-rosegment --no-undefined-version --fatal-warnings --no-undefined CMakeFiles/cmTC_31483.dir/CMakeCCompilerABI.c.o /opt/android-sdk/ndk/28.2.13676358/toolchains/llvm/prebuilt/linux-x86_64/lib/clang/19/lib/linux/libclang_rt.builtins-arm-android.a -l:libunwind.a -ldl -lc /opt/android-sdk/ndk/28.2.13676358/toolchains/llvm/prebuilt/linux-x86_64/lib/clang/19/lib/linux/libclang_rt.builtins-arm-android.a -l:libunwind.a -ldl /opt/android-sdk/ndk/28.2.13676358/toolchains/llvm/prebuilt/linux-x86_64/sysroot/usr/lib/arm-linux-androideabi/26/crtend_android.o



Parsed C implicit include dir info from above output: rv=done
  found start of include info
  found start of implicit include info
    add: [/opt/android-sdk/ndk/28.2.13676358/toolchains/llvm/prebuilt/linux-x86_64/lib/clang/19/include]
    add: [/opt/android-sdk/ndk/28.2.13676358/toolchains/llvm/prebuilt/linux-x86_64/sysroot/usr/include/arm-linux-androideabi]
    add: [/opt/android-sdk/ndk/28.2.13676358/toolchains/llvm/prebuilt/linux-x86_64/sysroot/usr/include]
  end of search list found
  collapse include dir [/opt/android-sdk/ndk/28.2.13676358/toolchains/llvm/prebuilt/linux-x86_64/lib/clang/19/include] ==> [/opt/android-sdk/ndk/28.2.13676358/toolchains/llvm/prebuilt/linux-x86_64/lib/clang/19/include]
  collapse include dir [/opt/android-sdk/ndk/28.2.13676358/toolchains/llvm/prebuilt/linux-x86_64/sysroot/usr/include/arm-linux-androideabi] ==> [/opt/android-sdk/ndk/28.2.13676358/toolchains/llvm/prebuilt/linux-x86_64/sysroot/usr/include/arm-linux-androideabi]
  collapse include dir [/opt/android-sdk/ndk/28.2.13676358/toolchains/llvm/prebuilt/linux-x86_64/sysroot/usr/include] ==> [/opt/android-sdk/ndk/28.2.13676358/toolchains/llvm/prebuilt/linux-x86_64/sysroot/usr/include]
  implicit include dirs: [/opt/android-sdk/ndk/28.2.13676358/toolchains/llvm/prebuilt/linux-x86_64/lib/clang/19/include;/opt/android-sdk/ndk/28.2.13676358/toolchains/llvm/prebuilt/linux-x86_64/sysroot/usr/include/arm-linux-androideabi;/opt/android-sdk/ndk/28.2.13676358/toolchains/llvm/prebuilt/linux-x86_64/sysroot/usr/include]


Parsed C implicit link information from above output:
  link line regex: [^( *|.*[/\])(ld\.lld|CMAKE_LINK_STARTFILE-NOTFOUND|([^/\]+-)?ld|collect2)[^/\]*( |$)]
  ignore line: [Change Dir: /mnt/e/Gitbutler Repos/komikku-image-scaling/app/.cxx/Debug/5v1f3h20/armeabi-v7a/CMakeFiles/CMakeTmp]
  ignore line: []
  ignore line: [Run Build Command(s):/opt/android-sdk/cmake/3.22.1/bin/ninja cmTC_31483 && [1/2] Building C object CMakeFiles/cmTC_31483.dir/CMakeCCompilerABI.c.o]
  ignore line: [Android (13624864  +pgo  +bolt  +lto  +mlgo  based on r530567e) clang version 19.0.1 (https://android.googlesource.com/toolchain/llvm-project 97a699bf4812a18fb657c2779f5296a4ab2694d2)]
  ignore line: [Target: armv7-none-linux-android26]
  ignore line: [Thread model: posix]
  ignore line: [InstalledDir: /opt/android-sdk/ndk/28.2.13676358/toolchains/llvm/prebuilt/linux-x86_64/bin]
  ignore line: [ (in-process)]
  ignore line: [ "/opt/android-sdk/ndk/28.2.13676358/toolchains/llvm/prebuilt/linux-x86_64/bin/clang" -cc1 -triple thumbv7-none-linux-android26 -emit-obj -mrelax-all -disable-free -clear-ast-before-backend -disable-llvm-verifier -discard-value-names -main-file-name CMakeCCompilerABI.c -mrelocation-model pic -pic-level 2 -pic-is-pie -mframe-pointer=all -ffp-contract=on -fno-rounding-math -mconstructor-aliases -funwind-tables=1 -target-cpu generic -target-feature +soft-float-abi -target-feature +vfp2 -target-feature +vfp2sp -target-feature +vfp3 -target-feature +vfp3d16 -target-feature +vfp3d16sp -target-feature +vfp3sp -target-feature -fp16 -target-feature -vfp4 -target-feature -vfp4d16 -target-feature -vfp4d16sp -target-feature -vfp4sp -target-feature -fp-armv8 -target-feature -fp-armv8d16 -target-feature -fp-armv8d16sp -target-feature -fp-armv8sp -target-feature -fullfp16 -target-feature +fp64 -target-feature +d32 -target-feature +neon -target-feature -sha2 -target-feature -aes -target-feature -fp16fml -target-abi aapcs-linux -mfloat-abi soft -debug-info-kind=constructor -dwarf-version=4 -debugger-tuning=gdb "-fdebug-compilation-dir=/mnt/e/Gitbutler Repos/komikku-image-scaling/app/.cxx/Debug/5v1f3h20/armeabi-v7a/CMakeFiles/CMakeTmp" -v -ffunction-sections -fdata-sections "-fcoverage-compilation-dir=/mnt/e/Gitbutler Repos/komikku-image-scaling/app/.cxx/Debug/5v1f3h20/armeabi-v7a/CMakeFiles/CMakeTmp" -resource-dir /opt/android-sdk/ndk/28.2.13676358/toolchains/llvm/prebuilt/linux-x86_64/lib/clang/19 -dependency-file CMakeFiles/cmTC_31483.dir/CMakeCCompilerABI.c.o.d -MT CMakeFiles/cmTC_31483.dir/CMakeCCompilerABI.c.o -sys-header-deps -D ANDROID -D _FORTIFY_SOURCE=2 -isysroot /opt/android-sdk/ndk/28.2.13676358/toolchains/llvm/prebuilt/linux-x86_64/sysroot -internal-isystem /opt/android-sdk/ndk/28.2.13676358/toolchains/llvm/prebuilt/linux-x86_64/lib/clang/19/include -internal-isystem /opt/android-sdk/ndk/28.2.13676358/toolchains/llvm/prebuilt/linux-x86_64/sysroot/usr/local/include -internal-externc-isystem /opt/android-sdk/ndk/28.2.13676358/toolchains/llvm/prebuilt/linux-x86_64/sysroot/usr/include/arm-linux-androideabi -internal-externc-isystem /opt/android-sdk/ndk/28.2.13676358/toolchains/llvm/prebuilt/linux-x86_64/sysroot/include -internal-externc-isystem /opt/android-sdk/ndk/28.2.13676358/toolchains/llvm/prebuilt/linux-x86_64/sysroot/usr/include -Wformat -ferror-limit 19 -femulated-tls -stack-protector 2 -fno-signed-char -fgnuc-version=4.2.1 -fskip-odr-check-in-gmf -D__GCC_HAVE_DWARF2_CFI_ASM=1 -o CMakeFiles/cmTC_31483.dir/CMakeCCompilerABI.c.o -x c /opt/android-sdk/cmake/3.22.1/share/cmake-3.22/Modules/CMakeCCompilerABI.c]
  ignore line: [clang -cc1 version 19.0.1 based upon LLVM 19.0.1 default target x86_64-unknown-linux-gnu]
  ignore line: [ignoring nonexistent directory "/opt/android-sdk/ndk/28.2.13676358/toolchains/llvm/prebuilt/linux-x86_64/sysroot/usr/local/include"]
  ignore line: [ignoring nonexistent directory "/opt/android-sdk/ndk/28.2.13676358/toolchains/llvm/prebuilt/linux-x86_64/sysroot/include"]
  ignore line: [#include "..." search starts here:]
  ignore line: [#include <...> search starts here:]
  ignore line: [ /opt/android-sdk/ndk/28.2.13676358/toolchains/llvm/prebuilt/linux-x86_64/lib/clang/19/include]
  ignore line: [ /opt/android-sdk/ndk/28.2.13676358/toolchains/llvm/prebuilt/linux-x86_64/sysroot/usr/include/arm-linux-androideabi]
  ignore line: [ /opt/android-sdk/ndk/28.2.13676358/toolchains/llvm/prebuilt/linux-x86_64/sysroot/usr/include]
  ignore line: [End of search list.]
  ignore line: [[2/2] Linking C executable cmTC_31483]
  ignore line: [Android (13624864  +pgo  +bolt  +lto  +mlgo  based on r530567e) clang version 19.0.1 (https://android.googlesource.com/toolchain/llvm-project 97a699bf4812a18fb657c2779f5296a4ab2694d2)]
  ignore line: [Target: armv7-none-linux-android26]
  ignore line: [Thread model: posix]
  ignore line: [InstalledDir: /opt/android-sdk/ndk/28.2.13676358/toolchains/llvm/prebuilt/linux-x86_64/bin]
  link line: [ "/opt/android-sdk/ndk/28.2.13676358/toolchains/llvm/prebuilt/linux-x86_64/bin/ld.lld" --sysroot=/opt/android-sdk/ndk/28.2.13676358/toolchains/llvm/prebuilt/linux-x86_64/sysroot -EL -z now -z relro -z max-page-size=4096 -X --hash-style=gnu --eh-frame-hdr -m armelf_linux_eabi -pie -dynamic-linker /system/bin/linker -o cmTC_31483 /opt/android-sdk/ndk/28.2.13676358/toolchains/llvm/prebuilt/linux-x86_64/sysroot/usr/lib/arm-linux-androideabi/26/crtbegin_dynamic.o -L/opt/android-sdk/ndk/28.2.13676358/toolchains/llvm/prebuilt/linux-x86_64/lib/clang/19/lib/linux/arm -L/opt/android-sdk/ndk/28.2.13676358/toolchains/llvm/prebuilt/linux-x86_64/sysroot/usr/lib/arm-linux-androideabi/26 -L/opt/android-sdk/ndk/28.2.13676358/toolchains/llvm/prebuilt/linux-x86_64/sysroot/usr/lib/arm-linux-androideabi -L/opt/android-sdk/ndk/28.2.13676358/toolchains/llvm/prebuilt/linux-x86_64/sysroot/usr/lib/../lib -L/opt/android-sdk/ndk/28.2.13676358/toolchains/llvm/prebuilt/linux-x86_64/sysroot/usr/lib --build-id=sha1 --no-rosegment --no-undefined-version --fatal-warnings --no-undefined CMakeFiles/cmTC_31483.dir/CMakeCCompilerABI.c.o /opt/android-sdk/ndk/28.2.13676358/toolchains/llvm/prebuilt/linux-x86_64/lib/clang/19/lib/linux/libclang_rt.builtins-arm-android.a -l:libunwind.a -ldl -lc /opt/android-sdk/ndk/28.2.13676358/toolchains/llvm/prebuilt/linux-x86_64/lib/clang/19/lib/linux/libclang_rt.builtins-arm-android.a -l:libunwind.a -ldl /opt/android-sdk/ndk/28.2.13676358/toolchains/llvm/prebuilt/linux-x86_64/sysroot/usr/lib/arm-linux-androideabi/26/crtend_android.o]
    arg [/opt/android-sdk/ndk/28.2.13676358/toolchains/llvm/prebuilt/linux-x86_64/bin/ld.lld] ==> ignore
    arg [--sysroot=/opt/android-sdk/ndk/28.2.13676358/toolchains/llvm/prebuilt/linux-x86_64/sysroot] ==> ignore
    arg [-EL] ==> ignore
    arg [-znow] ==> ignore
    arg [-zrelro] ==> ignore
    arg [-zmax-page-size=4096] ==> ignore
    arg [-X] ==> ignore
    arg [--hash-style=gnu] ==> ignore
    arg [--eh-frame-hdr] ==> ignore
    arg [-m] ==> ignore
    arg [armelf_linux_eabi] ==> ignore
    arg [-pie] ==> ignore
    arg [-dynamic-linker] ==> ignore
    arg [/system/bin/linker] ==> ignore
    arg [-o] ==> ignore
    arg [cmTC_31483] ==> ignore
    arg [/opt/android-sdk/ndk/28.2.13676358/toolchains/llvm/prebuilt/linux-x86_64/sysroot/usr/lib/arm-linux-androideabi/26/crtbegin_dynamic.o] ==> obj [/opt/android-sdk/ndk/28.2.13676358/toolchains/llvm/prebuilt/linux-x86_64/sysroot/usr/lib/arm-linux-androideabi/26/crtbegin_dynamic.o]
    arg [-L/opt/android-sdk/ndk/28.2.13676358/toolchains/llvm/prebuilt/linux-x86_64/lib/clang/19/lib/linux/arm] ==> dir [/opt/android-sdk/ndk/28.2.13676358/toolchains/llvm/prebuilt/linux-x86_64/lib/clang/19/lib/linux/arm]
    arg [-L/opt/android-sdk/ndk/28.2.13676358/toolchains/llvm/prebuilt/linux-x86_64/sysroot/usr/lib/arm-linux-androideabi/26] ==> dir [/opt/android-sdk/ndk/28.2.13676358/toolchains/llvm/prebuilt/linux-x86_64/sysroot/usr/lib/arm-linux-androideabi/26]
    arg [-L/opt/android-sdk/ndk/28.2.13676358/toolchains/llvm/prebuilt/linux-x86_64/sysroot/usr/lib/arm-linux-androideabi] ==> dir [/opt/android-sdk/ndk/28.2.13676358/toolchains/llvm/prebuilt/linux-x86_64/sysroot/usr/lib/arm-linux-androideabi]
    arg [-L/opt/android-sdk/ndk/28.2.13676358/toolchains/llvm/prebuilt/linux-x86_64/sysroot/usr/lib/../lib] ==> dir [/opt/android-sdk/ndk/28.2.13676358/toolchains/llvm/prebuilt/linux-x86_64/sysroot/usr/lib/../lib]
    arg [-L/opt/android-sdk/ndk/28.2.13676358/toolchains/llvm/prebuilt/linux-x86_64/sysroot/usr/lib] ==> dir [/opt/android-sdk/ndk/28.2.13676358/toolchains/llvm/prebuilt/linux-x86_64/sysroot/usr/lib]
    arg [--build-id=sha1] ==> ignore
    arg [--no-rosegment] ==> ignore
    arg [--no-undefined-version] ==> ignore
    arg [--fatal-warnings] ==> ignore
    arg [--no-undefined] ==> ignore
    arg [CMakeFiles/cmTC_31483.dir/CMakeCCompilerABI.c.o] ==> ignore
    arg [/opt/android-sdk/ndk/28.2.13676358/toolchains/llvm/prebuilt/linux-x86_64/lib/clang/19/lib/linux/libclang_rt.builtins-arm-android.a] ==> lib [/opt/android-sdk/ndk/28.2.13676358/toolchains/llvm/prebuilt/linux-x86_64/lib/clang/19/lib/linux/libclang_rt.builtins-arm-android.a]
    arg [-l:libunwind.a] ==> lib [-l:libunwind.a]
    arg [-ldl] ==> lib [dl]
    arg [-lc] ==> lib [c]
    arg [/opt/android-sdk/ndk/28.2.13676358/toolchains/llvm/prebuilt/linux-x86_64/lib/clang/19/lib/linux/libclang_rt.builtins-arm-android.a] ==> lib [/opt/android-sdk/ndk/28.2.13676358/toolchains/llvm/prebuilt/linux-x86_64/lib/clang/19/lib/linux/libclang_rt.builtins-arm-android.a]
    arg [-l:libunwind.a] ==> lib [-l:libunwind.a]
    arg [-ldl] ==> lib [dl]
    arg [/opt/android-sdk/ndk/28.2.13676358/toolchains/llvm/prebuilt/linux-x86_64/sysroot/usr/lib/arm-linux-androideabi/26/crtend_android.o] ==> obj [/opt/android-sdk/ndk/28.2.13676358/toolchains/llvm/prebuilt/linux-x86_64/sysroot/usr/lib/arm-linux-androideabi/26/crtend_android.o]
  remove lib [/opt/android-sdk/ndk/28.2.13676358/toolchains/llvm/prebuilt/linux-x86_64/lib/clang/19/lib/linux/libclang_rt.builtins-arm-android.a]
  remove lib [/opt/android-sdk/ndk/28.2.13676358/toolchains/llvm/prebuilt/linux-x86_64/lib/clang/19/lib/linux/libclang_rt.builtins-arm-android.a]
  collapse library dir [/opt/android-sdk/ndk/28.2.13676358/toolchains/llvm/prebuilt/linux-x86_64/lib/clang/19/lib/linux/arm] ==> [/opt/android-sdk/ndk/28.2.13676358/toolchains/llvm/prebuilt/linux-x86_64/lib/clang/19/lib/linux/arm]
  collapse library dir [/opt/android-sdk/ndk/28.2.13676358/toolchains/llvm/prebuilt/linux-x86_64/sysroot/usr/lib/arm-linux-androideabi/26] ==> [/opt/android-sdk/ndk/28.2.13676358/toolchains/llvm/prebuilt/linux-x86_64/sysroot/usr/lib/arm-linux-androideabi/26]
  collapse library dir [/opt/android-sdk/ndk/28.2.13676358/toolchains/llvm/prebuilt/linux-x86_64/sysroot/usr/lib/arm-linux-androideabi] ==> [/opt/android-sdk/ndk/28.2.13676358/toolchains/llvm/prebuilt/linux-x86_64/sysroot/usr/lib/arm-linux-androideabi]
  collapse library dir [/opt/android-sdk/ndk/28.2.13676358/toolchains/llvm/prebuilt/linux-x86_64/sysroot/usr/lib/../lib] ==> [/opt/android-sdk/ndk/28.2.13676358/toolchains/llvm/prebuilt/linux-x86_64/sysroot/usr/lib]
  collapse library dir [/opt/android-sdk/ndk/28.2.13676358/toolchains/llvm/prebuilt/linux-x86_64/sysroot/usr/lib] ==> [/opt/android-sdk/ndk/28.2.13676358/toolchains/llvm/prebuilt/linux-x86_64/sysroot/usr/lib]
  implicit libs: [-l:libunwind.a;dl;c;-l:libunwind.a;dl]
  implicit objs: [/opt/android-sdk/ndk/28.2.13676358/toolchains/llvm/prebuilt/linux-x86_64/sysroot/usr/lib/arm-linux-androideabi/26/crtbegin_dynamic.o;/opt/android-sdk/ndk/28.2.13676358/toolchains/llvm/prebuilt/linux-x86_64/sysroot/usr/lib/arm-linux-androideabi/26/crtend_android.o]
  implicit dirs: [/opt/android-sdk/ndk/28.2.13676358/toolchains/llvm/prebuilt/linux-x86_64/lib/clang/19/lib/linux/arm;/opt/android-sdk/ndk/28.2.13676358/toolchains/llvm/prebuilt/linux-x86_64/sysroot/usr/lib/arm-linux-androideabi/26;/opt/android-sdk/ndk/28.2.13676358/toolchains/llvm/prebuilt/linux-x86_64/sysroot/usr/lib/arm-linux-androideabi;/opt/android-sdk/ndk/28.2.13676358/toolchains/llvm/prebuilt/linux-x86_64/sysroot/usr/lib]
  implicit fwks: []


Detecting CXX compiler ABI info compiled with the following output:
Change Dir: /mnt/e/Gitbutler Repos/komikku-image-scaling/app/.cxx/Debug/5v1f3h20/armeabi-v7a/CMakeFiles/CMakeTmp

Run Build Command(s):/opt/android-sdk/cmake/3.22.1/bin/ninja cmTC_466a4 && [1/2] Building CXX object CMakeFiles/cmTC_466a4.dir/CMakeCXXCompilerABI.cpp.o
Android (13624864, +pgo, +bolt, +lto, +mlgo, based on r530567e) clang version 19.0.1 (https://android.googlesource.com/toolchain/llvm-project 97a699bf4812a18fb657c2779f5296a4ab2694d2)
Target: armv7-none-linux-android26
Thread model: posix
InstalledDir: /opt/android-sdk/ndk/28.2.13676358/toolchains/llvm/prebuilt/linux-x86_64/bin
 (in-process)
 "/opt/android-sdk/ndk/28.2.13676358/toolchains/llvm/prebuilt/linux-x86_64/bin/clang++" -cc1 -triple thumbv7-none-linux-android26 -emit-obj -mrelax-all -disable-free -clear-ast-before-backend -disable-llvm-verifier -discard-value-names -main-file-name CMakeCXXCompilerABI.cpp -mrelocation-model pic -pic-level 2 -pic-is-pie -mframe-pointer=all -ffp-contract=on -fno-rounding-math -mconstructor-aliases -funwind-tables=1 -target-cpu generic -target-feature +soft-float-abi -target-feature +vfp2 -target-feature +vfp2sp -target-feature +vfp3 -target-feature +vfp3d16 -target-feature +vfp3d16sp -target-feature +vfp3sp -target-feature -fp16 -target-feature -vfp4 -target-feature -vfp4d16 -target-feature -vfp4d16sp -target-feature -vfp4sp -target-feature -fp-armv8 -target-feature -fp-armv8d16 -target-feature -fp-armv8d16sp -target-feature -fp-armv8sp -target-feature -fullfp16 -target-feature +fp64 -target-feature +d32 -target-feature +neon -target-feature -sha2 -target-feature -aes -target-feature -fp16fml -target-abi aapcs-linux -mfloat-abi soft -debug-info-kind=constructor -dwarf-version=4 -debugger-tuning=gdb "-fdebug-compilation-dir=/mnt/e/Gitbutler Repos/komikku-image-scaling/app/.cxx/Debug/5v1f3h20/armeabi-v7a/CMakeFiles/CMakeTmp" -v -ffunction-sections -fdata-sections "-fcoverage-compilation-dir=/mnt/e/Gitbutler Repos/komikku-image-scaling/app/.cxx/Debug/5v1f3h20/armeabi-v7a/CMakeFiles/CMakeTmp" -resource-dir /opt/android-sdk/ndk/28.2.13676358/toolchains/llvm/prebuilt/linux-x86_64/lib/clang/19 -dependency-file CMakeFiles/cmTC_466a4.dir/CMakeCXXCompilerABI.cpp.o.d -MT CMakeFiles/cmTC_466a4.dir/CMakeCXXCompilerABI.cpp.o -sys-header-deps -D ANDROID -D _FORTIFY_SOURCE=2 -isysroot /opt/android-sdk/ndk/28.2.13676358/toolchains/llvm/prebuilt/linux-x86_64/sysroot -internal-isystem /opt/android-sdk/ndk/28.2.13676358/toolchains/llvm/prebuilt/linux-x86_64/sysroot/usr/include/c++/v1 -internal-isystem /opt/android-sdk/ndk/28.2.13676358/toolchains/llvm/prebuilt/linux-x86_64/lib/clang/19/include -internal-isystem /opt/android-sdk/ndk/28.2.13676358/toolchains/llvm/prebuilt/linux-x86_64/sysroot/usr/local/include -internal-externc-isystem /opt/android-sdk/ndk/28.2.13676358/toolchains/llvm/prebuilt/linux-x86_64/sysroot/usr/include/arm-linux-androideabi -internal-externc-isystem /opt/android-sdk/ndk/28.2.13676358/toolchains/llvm/prebuilt/linux-x86_64/sysroot/include -internal-externc-isystem /opt/android-sdk/ndk/28.2.13676358/toolchains/llvm/prebuilt/linux-x86_64/sysroot/usr/include -Wformat -fdeprecated-macro -ferror-limit 19 -femulated-tls -stack-protector 2 -fno-signed-char -fgnuc-version=4.2.1 -fskip-odr-check-in-gmf -fcxx-exceptions -fexceptions -D__GCC_HAVE_DWARF2_CFI_ASM=1 -o CMakeFiles/cmTC_466a4.dir/CMakeCXXCompilerABI.cpp.o -x c++ /opt/android-sdk/cmake/3.22.1/share/cmake-3.22/Modules/CMakeCXXCompilerABI.cpp
clang -cc1 version 19.0.1 based upon LLVM 19.0.1 default target x86_64-unknown-linux-gnu
ignoring nonexistent directory "/opt/android-sdk/ndk/28.2.13676358/toolchains/llvm/prebuilt/linux-x86_64/sysroot/usr/local/include"
ignoring nonexistent directory "/opt/android-sdk/ndk/28.2.13676358/toolchains/llvm/prebuilt/linux-x86_64/sysroot/include"
#include "..." search starts here:
#include <...> search starts here:
 /opt/android-sdk/ndk/28.2.13676358/toolchains/llvm/prebuilt/linux-x86_64/sysroot/usr/include/c++/v1
 /opt/android-sdk/ndk/28.2.13676358/toolchains/llvm/prebuilt/linux-x86_64/lib/clang/19/include
 /opt/android-sdk/ndk/28.2.13676358/toolchains/llvm/prebuilt/linux-x86_64/sysroot/usr/include/arm-linux-androideabi
 /opt/android-sdk/ndk/28.2.13676358/toolchains/llvm/prebuilt/linux-x86_64/sysroot/usr/include
End of search list.
[2/2] Linking CXX executable cmTC_466a4
Android (13624864, +pgo, +bolt, +lto, +mlgo, based on r530567e) clang version 19.0.1 (https://android.googlesource.com/toolchain/llvm-project 97a699bf4812a18fb657c2779f5296a4ab2694d2)
Target: armv7-none-linux-android26
Thread model: posix
InstalledDir: /opt/android-sdk/ndk/28.2.13676358/toolchains/llvm/prebuilt/linux-x86_64/bin
 "/opt/android-sdk/ndk/28.2.13676358/toolchains/llvm/prebuilt/linux-x86_64/bin/ld.lld" --sysroot=/opt/android-sdk/ndk/28.2.13676358/toolchains/llvm/prebuilt/linux-x86_64/sysroot -EL -z now -z relro -z max-page-size=4096 -X --hash-style=gnu --eh-frame-hdr -m armelf_linux_eabi -pie -dynamic-linker /system/bin/linker -o cmTC_466a4 /opt/android-sdk/ndk/28.2.13676358/toolchains/llvm/prebuilt/linux-x86_64/sysroot/usr/lib/arm-linux-androideabi/26/crtbegin_dynamic.o -L/opt/android-sdk/ndk/28.2.13676358/toolchains/llvm/prebuilt/linux-x86_64/lib/clang/19/lib/linux/arm -L/opt/android-sdk/ndk/28.2.13676358/toolchains/llvm/prebuilt/linux-x86_64/sysroot/usr/lib/arm-linux-androideabi/26 -L/opt/android-sdk/ndk/28.2.13676358/toolchains/llvm/prebuilt/linux-x86_64/sysroot/usr/lib/arm-linux-androideabi -L/opt/android-sdk/ndk/28.2.13676358/toolchains/llvm/prebuilt/linux-x86_64/sysroot/usr/lib/../lib -L/opt/android-sdk/ndk/28.2.13676358/toolchains/llvm/prebuilt/linux-x86_64/sysroot/usr/lib --build-id=sha1 --no-rosegment --no-undefined-version --fatal-warnings --no-undefined CMakeFiles/cmTC_466a4.dir/CMakeCXXCompilerABI.cpp.o -Bstatic -lc++ -Bdynamic -lm /opt/android-sdk/ndk/28.2.13676358/toolchains/llvm/prebuilt/linux-x86_64/lib/clang/19/lib/linux/libclang_rt.builtins-arm-android.a -l:libunwind.a -ldl -lc /opt/android-sdk/ndk/28.2.13676358/toolchains/llvm/prebuilt/linux-x86_64/lib/clang/19/lib/linux/libclang_rt.builtins-arm-android.a -l:libunwind.a -ldl /opt/android-sdk/ndk/28.2.13676358/toolchains/llvm/prebuilt/linux-x86_64/sysroot/usr/lib/arm-linux-androideabi/26/crtend_android.o



Parsed CXX implicit include dir info from above output: rv=done
  found start of include info
  found start of implicit include info
    add: [/opt/android-sdk/ndk/28.2.13676358/toolchains/llvm/prebuilt/linux-x86_64/sysroot/usr/include/c++/v1]
    add: [/opt/android-sdk/ndk/28.2.13676358/toolchains/llvm/prebuilt/linux-x86_64/lib/clang/19/include]
    add: [/opt/android-sdk/ndk/28.2.13676358/toolchains/llvm/prebuilt/linux-x86_64/sysroot/usr/include/arm-linux-androideabi]
    add: [/opt/android-sdk/ndk/28.2.13676358/toolchains/llvm/prebuilt/linux-x86_64/sysroot/usr/include]
  end of search list found
  collapse include dir [/opt/android-sdk/ndk/28.2.13676358/toolchains/llvm/prebuilt/linux-x86_64/sysroot/usr/include/c++/v1] ==> [/opt/android-sdk/ndk/28.2.13676358/toolchains/llvm/prebuilt/linux-x86_64/sysroot/usr/include/c++/v1]
  collapse include dir [/opt/android-sdk/ndk/28.2.13676358/toolchains/llvm/prebuilt/linux-x86_64/lib/clang/19/include] ==> [/opt/android-sdk/ndk/28.2.13676358/toolchains/llvm/prebuilt/linux-x86_64/lib/clang/19/include]
  collapse include dir [/opt/android-sdk/ndk/28.2.13676358/toolchains/llvm/prebuilt/linux-x86_64/sysroot/usr/include/arm-linux-androideabi] ==> [/opt/android-sdk/ndk/28.2.13676358/toolchains/llvm/prebuilt/linux-x86_64/sysroot/usr/include/arm-linux-androideabi]
  collapse include dir [/opt/android-sdk/ndk/28.2.13676358/toolchains/llvm/prebuilt/linux-x86_64/sysroot/usr/include] ==> [/opt/android-sdk/ndk/28.2.13676358/toolchains/llvm/prebuilt/linux-x86_64/sysroot/usr/include]
  implicit include dirs: [/opt/android-sdk/ndk/28.2.13676358/toolchains/llvm/prebuilt/linux-x86_64/sysroot/usr/include/c++/v1;/opt/android-sdk/ndk/28.2.13676358/toolchains/llvm/prebuilt/linux-x86_64/lib/clang/19/include;/opt/android-sdk/ndk/28.2.13676358/toolchains/llvm/prebuilt/linux-x86_64/sysroot/usr/include/arm-linux-androideabi;/opt/android-sdk/ndk/28.2.13676358/toolchains/llvm/prebuilt/linux-x86_64/sysroot/usr/include]


Parsed CXX implicit link information from above output:
  link line regex: [^( *|.*[/\])(ld\.lld|CMAKE_LINK_STARTFILE-NOTFOUND|([^/\]+-)?ld|collect2)[^/\]*( |$)]
  ignore line: [Change Dir: /mnt/e/Gitbutler Repos/komikku-image-scaling/app/.cxx/Debug/5v1f3h20/armeabi-v7a/CMakeFiles/CMakeTmp]
  ignore line: []
  ignore line: [Run Build Command(s):/opt/android-sdk/cmake/3.22.1/bin/ninja cmTC_466a4 && [1/2] Building CXX object CMakeFiles/cmTC_466a4.dir/CMakeCXXCompilerABI.cpp.o]
  ignore line: [Android (13624864  +pgo  +bolt  +lto  +mlgo  based on r530567e) clang version 19.0.1 (https://android.googlesource.com/toolchain/llvm-project 97a699bf4812a18fb657c2779f5296a4ab2694d2)]
  ignore line: [Target: armv7-none-linux-android26]
  ignore line: [Thread model: posix]
  ignore line: [InstalledDir: /opt/android-sdk/ndk/28.2.13676358/toolchains/llvm/prebuilt/linux-x86_64/bin]
  ignore line: [ (in-process)]
  ignore line: [ "/opt/android-sdk/ndk/28.2.13676358/toolchains/llvm/prebuilt/linux-x86_64/bin/clang++" -cc1 -triple thumbv7-none-linux-android26 -emit-obj -mrelax-all -disable-free -clear-ast-before-backend -disable-llvm-verifier -discard-value-names -main-file-name CMakeCXXCompilerABI.cpp -mrelocation-model pic -pic-level 2 -pic-is-pie -mframe-pointer=all -ffp-contract=on -fno-rounding-math -mconstructor-aliases -funwind-tables=1 -target-cpu generic -target-feature +soft-float-abi -target-feature +vfp2 -target-feature +vfp2sp -target-feature +vfp3 -target-feature +vfp3d16 -target-feature +vfp3d16sp -target-feature +vfp3sp -target-feature -fp16 -target-feature -vfp4 -target-feature -vfp4d16 -target-feature -vfp4d16sp -target-feature -vfp4sp -target-feature -fp-armv8 -target-feature -fp-armv8d16 -target-feature -fp-armv8d16sp -target-feature -fp-armv8sp -target-feature -fullfp16 -target-feature +fp64 -target-feature +d32 -target-feature +neon -target-feature -sha2 -target-feature -aes -target-feature -fp16fml -target-abi aapcs-linux -mfloat-abi soft -debug-info-kind=constructor -dwarf-version=4 -debugger-tuning=gdb "-fdebug-compilation-dir=/mnt/e/Gitbutler Repos/komikku-image-scaling/app/.cxx/Debug/5v1f3h20/armeabi-v7a/CMakeFiles/CMakeTmp" -v -ffunction-sections -fdata-sections "-fcoverage-compilation-dir=/mnt/e/Gitbutler Repos/komikku-image-scaling/app/.cxx/Debug/5v1f3h20/armeabi-v7a/CMakeFiles/CMakeTmp" -resource-dir /opt/android-sdk/ndk/28.2.13676358/toolchains/llvm/prebuilt/linux-x86_64/lib/clang/19 -dependency-file CMakeFiles/cmTC_466a4.dir/CMakeCXXCompilerABI.cpp.o.d -MT CMakeFiles/cmTC_466a4.dir/CMakeCXXCompilerABI.cpp.o -sys-header-deps -D ANDROID -D _FORTIFY_SOURCE=2 -isysroot /opt/android-sdk/ndk/28.2.13676358/toolchains/llvm/prebuilt/linux-x86_64/sysroot -internal-isystem /opt/android-sdk/ndk/28.2.13676358/toolchains/llvm/prebuilt/linux-x86_64/sysroot/usr/include/c++/v1 -internal-isystem /opt/android-sdk/ndk/28.2.13676358/toolchains/llvm/prebuilt/linux-x86_64/lib/clang/19/include -internal-isystem /opt/android-sdk/ndk/28.2.13676358/toolchains/llvm/prebuilt/linux-x86_64/sysroot/usr/local/include -internal-externc-isystem /opt/android-sdk/ndk/28.2.13676358/toolchains/llvm/prebuilt/linux-x86_64/sysroot/usr/include/arm-linux-androideabi -internal-externc-isystem /opt/android-sdk/ndk/28.2.13676358/toolchains/llvm/prebuilt/linux-x86_64/sysroot/include -internal-externc-isystem /opt/android-sdk/ndk/28.2.13676358/toolchains/llvm/prebuilt/linux-x86_64/sysroot/usr/include -Wformat -fdeprecated-macro -ferror-limit 19 -femulated-tls -stack-protector 2 -fno-signed-char -fgnuc-version=4.2.1 -fskip-odr-check-in-gmf -fcxx-exceptions -fexceptions -D__GCC_HAVE_DWARF2_CFI_ASM=1 -o CMakeFiles/cmTC_466a4.dir/CMakeCXXCompilerABI.cpp.o -x c++ /opt/android-sdk/cmake/3.22.1/share/cmake-3.22/Modules/CMakeCXXCompilerABI.cpp]
  ignore line: [clang -cc1 version 19.0.1 based upon LLVM 19.0.1 default target x86_64-unknown-linux-gnu]
  ignore line: [ignoring nonexistent directory "/opt/android-sdk/ndk/28.2.13676358/toolchains/llvm/prebuilt/linux-x86_64/sysroot/usr/local/include"]
  ignore line: [ignoring nonexistent directory "/opt/android-sdk/ndk/28.2.13676358/toolchains/llvm/prebuilt/linux-x86_64/sysroot/include"]
  ignore line: [#include "..." search starts here:]
  ignore line: [#include <...> search starts here:]
  ignore line: [ /opt/android-sdk/ndk/28.2.13676358/toolchains/llvm/prebuilt/linux-x86_64/sysroot/usr/include/c++/v1]
  ignore line: [ /opt/android-sdk/ndk/28.2.13676358/toolchains/llvm/prebuilt/linux-x86_64/lib/clang/19/include]
  ignore line: [ /opt/android-sdk/ndk/28.2.13676358/toolchains/llvm/prebuilt/linux-x86_64/sysroot/usr/include/arm-linux-androideabi]
  ignore line: [ /opt/android-sdk/ndk/28.2.13676358/toolchains/llvm/prebuilt/linux-x86_64/sysroot/usr/include]
  ignore line: [End of search list.]
  ignore line: [[2/2] Linking CXX executable cmTC_466a4]
  ignore line: [Android (13624864  +pgo  +bolt  +lto  +mlgo  based on r530567e) clang version 19.0.1 (https://android.googlesource.com/toolchain/llvm-project 97a699bf4812a18fb657c2779f5296a4ab2694d2)]
  ignore line: [Target: armv7-none-linux-android26]
  ignore line: [Thread model: posix]
  ignore line: [InstalledDir: /opt/android-sdk/ndk/28.2.13676358/toolchains/llvm/prebuilt/linux-x86_64/bin]
  link line: [ "/opt/android-sdk/ndk/28.2.13676358/toolchains/llvm/prebuilt/linux-x86_64/bin/ld.lld" --sysroot=/opt/android-sdk/ndk/28.2.13676358/toolchains/llvm/prebuilt/linux-x86_64/sysroot -EL -z now -z relro -z max-page-size=4096 -X --hash-style=gnu --eh-frame-hdr -m armelf_linux_eabi -pie -dynamic-linker /system/bin/linker -o cmTC_466a4 /opt/android-sdk/ndk/28.2.13676358/toolchains/llvm/prebuilt/linux-x86_64/sysroot/usr/lib/arm-linux-androideabi/26/crtbegin_dynamic.o -L/opt/android-sdk/ndk/28.2.13676358/toolchains/llvm/prebuilt/linux-x86_64/lib/clang/19/lib/linux/arm -L/opt/android-sdk/ndk/28.2.13676358/toolchains/llvm/prebuilt/linux-x86_64/sysroot/usr/lib/arm-linux-androideabi/26 -L/opt/android-sdk/ndk/28.2.13676358/toolchains/llvm/prebuilt/linux-x86_64/sysroot/usr/lib/arm-linux-androideabi -L/opt/android-sdk/ndk/28.2.13676358/toolchains/llvm/prebuilt/linux-x86_64/sysroot/usr/lib/../lib -L/opt/android-sdk/ndk/28.2.13676358/toolchains/llvm/prebuilt/linux-x86_64/sysroot/usr/lib --build-id=sha1 --no-rosegment --no-undefined-version --fatal-warnings --no-undefined CMakeFiles/cmTC_466a4.dir/CMakeCXXCompilerABI.cpp.o -Bstatic -lc++ -Bdynamic -lm /opt/android-sdk/ndk/28.2.13676358/toolchains/llvm/prebuilt/linux-x86_64/lib/clang/19/lib/linux/libclang_rt.builtins-arm-android.a -l:libunwind.a -ldl -lc /opt/android-sdk/ndk/28.2.13676358/toolchains/llvm/prebuilt/linux-x86_64/lib/clang/19/lib/linux/libclang_rt.builtins-arm-android.a -l:libunwind.a -ldl /opt/android-sdk/ndk/28.2.13676358/toolchains/llvm/prebuilt/linux-x86_64/sysroot/usr/lib/arm-linux-androideabi/26/crtend_android.o]
    arg [/opt/android-sdk/ndk/28.2.13676358/toolchains/llvm/prebuilt/linux-x86_64/bin/ld.lld] ==> ignore
    arg [--sysroot=/opt/android-sdk/ndk/28.2.13676358/toolchains/llvm/prebuilt/linux-x86_64/sysroot] ==> ignore
    arg [-EL] ==> ignore
    arg [-znow] ==> ignore
    arg [-zrelro] ==> ignore
    arg [-zmax-page-size=4096] ==> ignore
    arg [-X] ==> ignore
    arg [--hash-style=gnu] ==> ignore
    arg [--eh-frame-hdr] ==> ignore
    arg [-m] ==> ignore
    arg [armelf_linux_eabi] ==> ignore
    arg [-pie] ==> ignore
    arg [-dynamic-linker] ==> ignore
    arg [/system/bin/linker] ==> ignore
    arg [-o] ==> ignore
    arg [cmTC_466a4] ==> ignore
    arg [/opt/android-sdk/ndk/28.2.13676358/toolchains/llvm/prebuilt/linux-x86_64/sysroot/usr/lib/arm-linux-androideabi/26/crtbegin_dynamic.o] ==> obj [/opt/android-sdk/ndk/28.2.13676358/toolchains/llvm/prebuilt/linux-x86_64/sysroot/usr/lib/arm-linux-androideabi/26/crtbegin_dynamic.o]
    arg [-L/opt/android-sdk/ndk/28.2.13676358/toolchains/llvm/prebuilt/linux-x86_64/lib/clang/19/lib/linux/arm] ==> dir [/opt/android-sdk/ndk/28.2.13676358/toolchains/llvm/prebuilt/linux-x86_64/lib/clang/19/lib/linux/arm]
    arg [-L/opt/android-sdk/ndk/28.2.13676358/toolchains/llvm/prebuilt/linux-x86_64/sysroot/usr/lib/arm-linux-androideabi/26] ==> dir [/opt/android-sdk/ndk/28.2.13676358/toolchains/llvm/prebuilt/linux-x86_64/sysroot/usr/lib/arm-linux-androideabi/26]
    arg [-L/opt/android-sdk/ndk/28.2.13676358/toolchains/llvm/prebuilt/linux-x86_64/sysroot/usr/lib/arm-linux-androideabi] ==> dir [/opt/android-sdk/ndk/28.2.13676358/toolchains/llvm/prebuilt/linux-x86_64/sysroot/usr/lib/arm-linux-androideabi]
    arg [-L/opt/android-sdk/ndk/28.2.13676358/toolchains/llvm/prebuilt/linux-x86_64/sysroot/usr/lib/../lib] ==> dir [/opt/android-sdk/ndk/28.2.13676358/toolchains/llvm/prebuilt/linux-x86_64/sysroot/usr/lib/../lib]
    arg [-L/opt/android-sdk/ndk/28.2.13676358/toolchains/llvm/prebuilt/linux-x86_64/sysroot/usr/lib] ==> dir [/opt/android-sdk/ndk/28.2.13676358/toolchains/llvm/prebuilt/linux-x86_64/sysroot/usr/lib]
    arg [--build-id=sha1] ==> ignore
    arg [--no-rosegment] ==> ignore
    arg [--no-undefined-version] ==> ignore
    arg [--fatal-warnings] ==> ignore
    arg [--no-undefined] ==> ignore
    arg [CMakeFiles/cmTC_466a4.dir/CMakeCXXCompilerABI.cpp.o] ==> ignore
    arg [-Bstatic] ==> search static
    arg [-lc++] ==> lib [c++]
    arg [-Bdynamic] ==> search dynamic
    arg [-lm] ==> lib [m]
    arg [/opt/android-sdk/ndk/28.2.13676358/toolchains/llvm/prebuilt/linux-x86_64/lib/clang/19/lib/linux/libclang_rt.builtins-arm-android.a] ==> lib [/opt/android-sdk/ndk/28.2.13676358/toolchains/llvm/prebuilt/linux-x86_64/lib/clang/19/lib/linux/libclang_rt.builtins-arm-android.a]
    arg [-l:libunwind.a] ==> lib [-l:libunwind.a]
    arg [-ldl] ==> lib [dl]
    arg [-lc] ==> lib [c]
    arg [/opt/android-sdk/ndk/28.2.13676358/toolchains/llvm/prebuilt/linux-x86_64/lib/clang/19/lib/linux/libclang_rt.builtins-arm-android.a] ==> lib [/opt/android-sdk/ndk/28.2.13676358/toolchains/llvm/prebuilt/linux-x86_64/lib/clang/19/lib/linux/libclang_rt.builtins-arm-android.a]
    arg [-l:libunwind.a] ==> lib [-l:libunwind.a]
    arg [-ldl] ==> lib [dl]
    arg [/opt/android-sdk/ndk/28.2.13676358/toolchains/llvm/prebuilt/linux-x86_64/sysroot/usr/lib/arm-linux-androideabi/26/crtend_android.o] ==> obj [/opt/android-sdk/ndk/28.2.13676358/toolchains/llvm/prebuilt/linux-x86_64/sysroot/usr/lib/arm-linux-androideabi/26/crtend_android.o]
  remove lib [/opt/android-sdk/ndk/28.2.13676358/toolchains/llvm/prebuilt/linux-x86_64/lib/clang/19/lib/linux/libclang_rt.builtins-arm-android.a]
  remove lib [/opt/android-sdk/ndk/28.2.13676358/toolchains/llvm/prebuilt/linux-x86_64/lib/clang/19/lib/linux/libclang_rt.builtins-arm-android.a]
  collapse library dir [/opt/android-sdk/ndk/28.2.13676358/toolchains/llvm/prebuilt/linux-x86_64/lib/clang/19/lib/linux/arm] ==> [/opt/android-sdk/ndk/28.2.13676358/toolchains/llvm/prebuilt/linux-x86_64/lib/clang/19/lib/linux/arm]
  collapse library dir [/opt/android-sdk/ndk/28.2.13676358/toolchains/llvm/prebuilt/linux-x86_64/sysroot/usr/lib/arm-linux-androideabi/26] ==> [/opt/android-sdk/ndk/28.2.13676358/toolchains/llvm/prebuilt/linux-x86_64/sysroot/usr/lib/arm-linux-androideabi/26]
  collapse library dir [/opt/android-sdk/ndk/28.2.13676358/toolchains/llvm/prebuilt/linux-x86_64/sysroot/usr/lib/arm-linux-androideabi] ==> [/opt/android-sdk/ndk/28.2.13676358/toolchains/llvm/prebuilt/linux-x86_64/sysroot/usr/lib/arm-linux-androideabi]
  collapse library dir [/opt/android-sdk/ndk/28.2.13676358/toolchains/llvm/prebuilt/linux-x86_64/sysroot/usr/lib/../lib] ==> [/opt/android-sdk/ndk/28.2.13676358/toolchains/llvm/prebuilt/linux-x86_64/sysroot/usr/lib]
  collapse library dir [/opt/android-sdk/ndk/28.2.13676358/toolchains/llvm/prebuilt/linux-x86_64/sysroot/usr/lib] ==> [/opt/android-sdk/ndk/28.2.13676358/toolchains/llvm/prebuilt/linux-x86_64/sysroot/usr/lib]
  implicit libs: [c++;m;-l:libunwind.a;dl;c;-l:libunwind.a;dl]
  implicit objs: [/opt/android-sdk/ndk/28.2.13676358/toolchains/llvm/prebuilt/linux-x86_64/sysroot/usr/lib/arm-linux-androideabi/26/crtbegin_dynamic.o;/opt/android-sdk/ndk/28.2.13676358/toolchains/llvm/prebuilt/linux-x86_64/sysroot/usr/lib/arm-linux-androideabi/26/crtend_android.o]
  implicit dirs: [/opt/android-sdk/ndk/28.2.13676358/toolchains/llvm/prebuilt/linux-x86_64/lib/clang/19/lib/linux/arm;/opt/android-sdk/ndk/28.2.13676358/toolchains/llvm/prebuilt/linux-x86_64/sysroot/usr/lib/arm-linux-androideabi/26;/opt/android-sdk/ndk/28.2.13676358/toolchains/llvm/prebuilt/linux-x86_64/sysroot/usr/lib/arm-linux-androideabi;/opt/android-sdk/ndk/28.2.13676358/toolchains/llvm/prebuilt/linux-x86_64/sysroot/usr/lib]
  implicit fwks: []


Detecting C OpenMP compiler ABI info compiled with the following output:
Change Dir: /mnt/e/Gitbutler Repos/komikku-image-scaling/app/.cxx/Debug/5v1f3h20/armeabi-v7a/CMakeFiles/CMakeTmp

Run Build Command(s):/opt/android-sdk/cmake/3.22.1/bin/ninja cmTC_3384f && [1/2] Building C object CMakeFiles/cmTC_3384f.dir/OpenMPTryFlag.c.o
Android (13624864, +pgo, +bolt, +lto, +mlgo, based on r530567e) clang version 19.0.1 (https://android.googlesource.com/toolchain/llvm-project 97a699bf4812a18fb657c2779f5296a4ab2694d2)
Target: armv7-none-linux-android26
Thread model: posix
InstalledDir: /opt/android-sdk/ndk/28.2.13676358/toolchains/llvm/prebuilt/linux-x86_64/bin
 (in-process)
 "/opt/android-sdk/ndk/28.2.13676358/toolchains/llvm/prebuilt/linux-x86_64/bin/clang" -cc1 -triple thumbv7-none-linux-android26 -emit-obj -mrelax-all -disable-free -clear-ast-before-backend -disable-llvm-verifier -discard-value-names -main-file-name OpenMPTryFlag.c -mrelocation-model pic -pic-level 2 -pic-is-pie -mframe-pointer=all -ffp-contract=on -fno-rounding-math -mconstructor-aliases -funwind-tables=1 -target-cpu generic -target-feature +soft-float-abi -target-feature +vfp2 -target-feature +vfp2sp -target-feature +vfp3 -target-feature +vfp3d16 -target-feature +vfp3d16sp -target-feature +vfp3sp -target-feature -fp16 -target-feature -vfp4 -target-feature -vfp4d16 -target-feature -vfp4d16sp -target-feature -vfp4sp -target-feature -fp-armv8 -target-feature -fp-armv8d16 -target-feature -fp-armv8d16sp -target-feature -fp-armv8sp -target-feature -fullfp16 -target-feature +fp64 -target-feature +d32 -target-feature +neon -target-feature -sha2 -target-feature -aes -target-feature -fp16fml -target-abi aapcs-linux -mfloat-abi soft -debug-info-kind=constructor -dwarf-version=4 -debugger-tuning=gdb "-fdebug-compilation-dir=/mnt/e/Gitbutler Repos/komikku-image-scaling/app/.cxx/Debug/5v1f3h20/armeabi-v7a/CMakeFiles/CMakeTmp" -v -ffunction-sections -fdata-sections "-fcoverage-compilation-dir=/mnt/e/Gitbutler Repos/komikku-image-scaling/app/.cxx/Debug/5v1f3h20/armeabi-v7a/CMakeFiles/CMakeTmp" -resource-dir /opt/android-sdk/ndk/28.2.13676358/toolchains/llvm/prebuilt/linux-x86_64/lib/clang/19 -dependency-file CMakeFiles/cmTC_3384f.dir/OpenMPTryFlag.c.o.d -MT CMakeFiles/cmTC_3384f.dir/OpenMPTryFlag.c.o -sys-header-deps -D ANDROID -D _FORTIFY_SOURCE=2 -isysroot /opt/android-sdk/ndk/28.2.13676358/toolchains/llvm/prebuilt/linux-x86_64/sysroot -internal-isystem /opt/android-sdk/ndk/28.2.13676358/toolchains/llvm/prebuilt/linux-x86_64/lib/clang/19/include -internal-isystem /opt/android-sdk/ndk/28.2.13676358/toolchains/llvm/prebuilt/linux-x86_64/sysroot/usr/local/include -internal-externc-isystem /opt/android-sdk/ndk/28.2.13676358/toolchains/llvm/prebuilt/linux-x86_64/sysroot/usr/include/arm-linux-androideabi -internal-externc-isystem /opt/android-sdk/ndk/28.2.13676358/toolchains/llvm/prebuilt/linux-x86_64/sysroot/include -internal-externc-isystem /opt/android-sdk/ndk/28.2.13676358/toolchains/llvm/prebuilt/linux-x86_64/sysroot/usr/include -Wformat -Werror=format-security -ferror-limit 19 -femulated-tls -fopenmp -stack-protector 2 -fno-signed-char -fgnuc-version=4.2.1 -fskip-odr-check-in-gmf -D__GCC_HAVE_DWARF2_CFI_ASM=1 -o CMakeFiles/cmTC_3384f.dir/OpenMPTryFlag.c.o -x c "/mnt/e/Gitbutler Repos/komikku-image-scaling/app/.cxx/Debug/5v1f3h20/armeabi-v7a/CMakeFiles/FindOpenMP/OpenMPTryFlag.c"
clang -cc1 version 19.0.1 based upon LLVM 19.0.1 default target x86_64-unknown-linux-gnu
ignoring nonexistent directory "/opt/android-sdk/ndk/28.2.13676358/toolchains/llvm/prebuilt/linux-x86_64/sysroot/usr/local/include"
ignoring nonexistent directory "/opt/android-sdk/ndk/28.2.13676358/toolchains/llvm/prebuilt/linux-x86_64/sysroot/include"
#include "..." search starts here:
#include <...> search starts here:
 /opt/android-sdk/ndk/28.2.13676358/toolchains/llvm/prebuilt/linux-x86_64/lib/clang/19/include
 /opt/android-sdk/ndk/28.2.13676358/toolchains/llvm/prebuilt/linux-x86_64/sysroot/usr/include/arm-linux-androideabi
 /opt/android-sdk/ndk/28.2.13676358/toolchains/llvm/prebuilt/linux-x86_64/sysroot/usr/include
End of search list.
[2/2] Linking C executable cmTC_3384f
Android (13624864, +pgo, +bolt, +lto, +mlgo, based on r530567e) clang version 19.0.1 (https://android.googlesource.com/toolchain/llvm-project 97a699bf4812a18fb657c2779f5296a4ab2694d2)
Target: armv7-none-linux-android26
Thread model: posix
InstalledDir: /opt/android-sdk/ndk/28.2.13676358/toolchains/llvm/prebuilt/linux-x86_64/bin
 "/opt/android-sdk/ndk/28.2.13676358/toolchains/llvm/prebuilt/linux-x86_64/bin/ld.lld" --sysroot=/opt/android-sdk/ndk/28.2.13676358/toolchains/llvm/prebuilt/linux-x86_64/sysroot -EL -z now -z relro -z max-page-size=4096 -X --hash-style=gnu --eh-frame-hdr -m armelf_linux_eabi -pie -dynamic-linker /system/bin/linker -o cmTC_3384f /opt/android-sdk/ndk/28.2.13676358/toolchains/llvm/prebuilt/linux-x86_64/sysroot/usr/lib/arm-linux-androideabi/26/crtbegin_dynamic.o -L/opt/android-sdk/ndk/28.2.13676358/toolchains/llvm/prebuilt/linux-x86_64/lib/clang/19/lib/linux/arm -L/opt/android-sdk/ndk/28.2.13676358/toolchains/llvm/prebuilt/linux-x86_64/sysroot/usr/lib/arm-linux-androideabi/26 -L/opt/android-sdk/ndk/28.2.13676358/toolchains/llvm/prebuilt/linux-x86_64/sysroot/usr/lib/arm-linux-androideabi -L/opt/android-sdk/ndk/28.2.13676358/toolchains/llvm/prebuilt/linux-x86_64/sysroot/usr/lib/../lib -L/opt/android-sdk/ndk/28.2.13676358/toolchains/llvm/prebuilt/linux-x86_64/sysroot/usr/lib --build-id=sha1 --no-rosegment --no-undefined-version --fatal-warnings --no-undefined CMakeFiles/cmTC_3384f.dir/OpenMPTryFlag.c.o -latomic -lm -lomp -L/opt/android-sdk/ndk/28.2.13676358/toolchains/llvm/prebuilt/linux-x86_64/lib /opt/android-sdk/ndk/28.2.13676358/toolchains/llvm/prebuilt/linux-x86_64/lib/clang/19/lib/linux/libclang_rt.builtins-arm-android.a -l:libunwind.a -ldl -lc /opt/android-sdk/ndk/28.2.13676358/toolchains/llvm/prebuilt/linux-x86_64/lib/clang/19/lib/linux/libclang_rt.builtins-arm-android.a -l:libunwind.a -ldl /opt/android-sdk/ndk/28.2.13676358/toolchains/llvm/prebuilt/linux-x86_64/sysroot/usr/lib/arm-linux-androideabi/26/crtend_android.o



Parsed C OpenMP implicit link information from above output:
  link line regex: [^( *|.*[/\])(ld\.lld|CMAKE_LINK_STARTFILE-NOTFOUND|([^/\]+-)?ld|collect2)[^/\]*( |$)]
  ignore line: [Change Dir: /mnt/e/Gitbutler Repos/komikku-image-scaling/app/.cxx/Debug/5v1f3h20/armeabi-v7a/CMakeFiles/CMakeTmp]
  ignore line: []
  ignore line: [Run Build Command(s):/opt/android-sdk/cmake/3.22.1/bin/ninja cmTC_3384f && [1/2] Building C object CMakeFiles/cmTC_3384f.dir/OpenMPTryFlag.c.o]
  ignore line: [Android (13624864  +pgo  +bolt  +lto  +mlgo  based on r530567e) clang version 19.0.1 (https://android.googlesource.com/toolchain/llvm-project 97a699bf4812a18fb657c2779f5296a4ab2694d2)]
  ignore line: [Target: armv7-none-linux-android26]
  ignore line: [Thread model: posix]
  ignore line: [InstalledDir: /opt/android-sdk/ndk/28.2.13676358/toolchains/llvm/prebuilt/linux-x86_64/bin]
  ignore line: [ (in-process)]
  ignore line: [ "/opt/android-sdk/ndk/28.2.13676358/toolchains/llvm/prebuilt/linux-x86_64/bin/clang" -cc1 -triple thumbv7-none-linux-android26 -emit-obj -mrelax-all -disable-free -clear-ast-before-backend -disable-llvm-verifier -discard-value-names -main-file-name OpenMPTryFlag.c -mrelocation-model pic -pic-level 2 -pic-is-pie -mframe-pointer=all -ffp-contract=on -fno-rounding-math -mconstructor-aliases -funwind-tables=1 -target-cpu generic -target-feature +soft-float-abi -target-feature +vfp2 -target-feature +vfp2sp -target-feature +vfp3 -target-feature +vfp3d16 -target-feature +vfp3d16sp -target-feature +vfp3sp -target-feature -fp16 -target-feature -vfp4 -target-feature -vfp4d16 -target-feature -vfp4d16sp -target-feature -vfp4sp -target-feature -fp-armv8 -target-feature -fp-armv8d16 -target-feature -fp-armv8d16sp -target-feature -fp-armv8sp -target-feature -fullfp16 -target-feature +fp64 -target-feature +d32 -target-feature +neon -target-feature -sha2 -target-feature -aes -target-feature -fp16fml -target-abi aapcs-linux -mfloat-abi soft -debug-info-kind=constructor -dwarf-version=4 -debugger-tuning=gdb "-fdebug-compilation-dir=/mnt/e/Gitbutler Repos/komikku-image-scaling/app/.cxx/Debug/5v1f3h20/armeabi-v7a/CMakeFiles/CMakeTmp" -v -ffunction-sections -fdata-sections "-fcoverage-compilation-dir=/mnt/e/Gitbutler Repos/komikku-image-scaling/app/.cxx/Debug/5v1f3h20/armeabi-v7a/CMakeFiles/CMakeTmp" -resource-dir /opt/android-sdk/ndk/28.2.13676358/toolchains/llvm/prebuilt/linux-x86_64/lib/clang/19 -dependency-file CMakeFiles/cmTC_3384f.dir/OpenMPTryFlag.c.o.d -MT CMakeFiles/cmTC_3384f.dir/OpenMPTryFlag.c.o -sys-header-deps -D ANDROID -D _FORTIFY_SOURCE=2 -isysroot /opt/android-sdk/ndk/28.2.13676358/toolchains/llvm/prebuilt/linux-x86_64/sysroot -internal-isystem /opt/android-sdk/ndk/28.2.13676358/toolchains/llvm/prebuilt/linux-x86_64/lib/clang/19/include -internal-isystem /opt/android-sdk/ndk/28.2.13676358/toolchains/llvm/prebuilt/linux-x86_64/sysroot/usr/local/include -internal-externc-isystem /opt/android-sdk/ndk/28.2.13676358/toolchains/llvm/prebuilt/linux-x86_64/sysroot/usr/include/arm-linux-androideabi -internal-externc-isystem /opt/android-sdk/ndk/28.2.13676358/toolchains/llvm/prebuilt/linux-x86_64/sysroot/include -internal-externc-isystem /opt/android-sdk/ndk/28.2.13676358/toolchains/llvm/prebuilt/linux-x86_64/sysroot/usr/include -Wformat -Werror=format-security -ferror-limit 19 -femulated-tls -fopenmp -stack-protector 2 -fno-signed-char -fgnuc-version=4.2.1 -fskip-odr-check-in-gmf -D__GCC_HAVE_DWARF2_CFI_ASM=1 -o CMakeFiles/cmTC_3384f.dir/OpenMPTryFlag.c.o -x c "/mnt/e/Gitbutler Repos/komikku-image-scaling/app/.cxx/Debug/5v1f3h20/armeabi-v7a/CMakeFiles/FindOpenMP/OpenMPTryFlag.c"]
  ignore line: [clang -cc1 version 19.0.1 based upon LLVM 19.0.1 default target x86_64-unknown-linux-gnu]
  ignore line: [ignoring nonexistent directory "/opt/android-sdk/ndk/28.2.13676358/toolchains/llvm/prebuilt/linux-x86_64/sysroot/usr/local/include"]
  ignore line: [ignoring nonexistent directory "/opt/android-sdk/ndk/28.2.13676358/toolchains/llvm/prebuilt/linux-x86_64/sysroot/include"]
  ignore line: [#include "..." search starts here:]
  ignore line: [#include <...> search starts here:]
  ignore line: [ /opt/android-sdk/ndk/28.2.13676358/toolchains/llvm/prebuilt/linux-x86_64/lib/clang/19/include]
  ignore line: [ /opt/android-sdk/ndk/28.2.13676358/toolchains/llvm/prebuilt/linux-x86_64/sysroot/usr/include/arm-linux-androideabi]
  ignore line: [ /opt/android-sdk/ndk/28.2.13676358/toolchains/llvm/prebuilt/linux-x86_64/sysroot/usr/include]
  ignore line: [End of search list.]
  ignore line: [[2/2] Linking C executable cmTC_3384f]
  ignore line: [Android (13624864  +pgo  +bolt  +lto  +mlgo  based on r530567e) clang version 19.0.1 (https://android.googlesource.com/toolchain/llvm-project 97a699bf4812a18fb657c2779f5296a4ab2694d2)]
  ignore line: [Target: armv7-none-linux-android26]
  ignore line: [Thread model: posix]
  ignore line: [InstalledDir: /opt/android-sdk/ndk/28.2.13676358/toolchains/llvm/prebuilt/linux-x86_64/bin]
  link line: [ "/opt/android-sdk/ndk/28.2.13676358/toolchains/llvm/prebuilt/linux-x86_64/bin/ld.lld" --sysroot=/opt/android-sdk/ndk/28.2.13676358/toolchains/llvm/prebuilt/linux-x86_64/sysroot -EL -z now -z relro -z max-page-size=4096 -X --hash-style=gnu --eh-frame-hdr -m armelf_linux_eabi -pie -dynamic-linker /system/bin/linker -o cmTC_3384f /opt/android-sdk/ndk/28.2.13676358/toolchains/llvm/prebuilt/linux-x86_64/sysroot/usr/lib/arm-linux-androideabi/26/crtbegin_dynamic.o -L/opt/android-sdk/ndk/28.2.13676358/toolchains/llvm/prebuilt/linux-x86_64/lib/clang/19/lib/linux/arm -L/opt/android-sdk/ndk/28.2.13676358/toolchains/llvm/prebuilt/linux-x86_64/sysroot/usr/lib/arm-linux-androideabi/26 -L/opt/android-sdk/ndk/28.2.13676358/toolchains/llvm/prebuilt/linux-x86_64/sysroot/usr/lib/arm-linux-androideabi -L/opt/android-sdk/ndk/28.2.13676358/toolchains/llvm/prebuilt/linux-x86_64/sysroot/usr/lib/../lib -L/opt/android-sdk/ndk/28.2.13676358/toolchains/llvm/prebuilt/linux-x86_64/sysroot/usr/lib --build-id=sha1 --no-rosegment --no-undefined-version --fatal-warnings --no-undefined CMakeFiles/cmTC_3384f.dir/OpenMPTryFlag.c.o -latomic -lm -lomp -L/opt/android-sdk/ndk/28.2.13676358/toolchains/llvm/prebuilt/linux-x86_64/lib /opt/android-sdk/ndk/28.2.13676358/toolchains/llvm/prebuilt/linux-x86_64/lib/clang/19/lib/linux/libclang_rt.builtins-arm-android.a -l:libunwind.a -ldl -lc /opt/android-sdk/ndk/28.2.13676358/toolchains/llvm/prebuilt/linux-x86_64/lib/clang/19/lib/linux/libclang_rt.builtins-arm-android.a -l:libunwind.a -ldl /opt/android-sdk/ndk/28.2.13676358/toolchains/llvm/prebuilt/linux-x86_64/sysroot/usr/lib/arm-linux-androideabi/26/crtend_android.o]
    arg [/opt/android-sdk/ndk/28.2.13676358/toolchains/llvm/prebuilt/linux-x86_64/bin/ld.lld] ==> ignore
    arg [--sysroot=/opt/android-sdk/ndk/28.2.13676358/toolchains/llvm/prebuilt/linux-x86_64/sysroot] ==> ignore
    arg [-EL] ==> ignore
    arg [-znow] ==> ignore
    arg [-zrelro] ==> ignore
    arg [-zmax-page-size=4096] ==> ignore
    arg [-X] ==> ignore
    arg [--hash-style=gnu] ==> ignore
    arg [--eh-frame-hdr] ==> ignore
    arg [-m] ==> ignore
    arg [armelf_linux_eabi] ==> ignore
    arg [-pie] ==> ignore
    arg [-dynamic-linker] ==> ignore
    arg [/system/bin/linker] ==> ignore
    arg [-o] ==> ignore
    arg [cmTC_3384f] ==> ignore
    arg [-L/opt/android-sdk/ndk/28.2.13676358/toolchains/llvm/prebuilt/linux-x86_64/lib/clang/19/lib/linux/arm] ==> dir [/opt/android-sdk/ndk/28.2.13676358/toolchains/llvm/prebuilt/linux-x86_64/lib/clang/19/lib/linux/arm]
    arg [-L/opt/android-sdk/ndk/28.2.13676358/toolchains/llvm/prebuilt/linux-x86_64/sysroot/usr/lib/arm-linux-androideabi/26] ==> dir [/opt/android-sdk/ndk/28.2.13676358/toolchains/llvm/prebuilt/linux-x86_64/sysroot/usr/lib/arm-linux-androideabi/26]
    arg [-L/opt/android-sdk/ndk/28.2.13676358/toolchains/llvm/prebuilt/linux-x86_64/sysroot/usr/lib/arm-linux-androideabi] ==> dir [/opt/android-sdk/ndk/28.2.13676358/toolchains/llvm/prebuilt/linux-x86_64/sysroot/usr/lib/arm-linux-androideabi]
    arg [-L/opt/android-sdk/ndk/28.2.13676358/toolchains/llvm/prebuilt/linux-x86_64/sysroot/usr/lib/../lib] ==> dir [/opt/android-sdk/ndk/28.2.13676358/toolchains/llvm/prebuilt/linux-x86_64/sysroot/usr/lib/../lib]
    arg [-L/opt/android-sdk/ndk/28.2.13676358/toolchains/llvm/prebuilt/linux-x86_64/sysroot/usr/lib] ==> dir [/opt/android-sdk/ndk/28.2.13676358/toolchains/llvm/prebuilt/linux-x86_64/sysroot/usr/lib]
    arg [--build-id=sha1] ==> ignore
    arg [--no-rosegment] ==> ignore
    arg [--no-undefined-version] ==> ignore
    arg [--fatal-warnings] ==> ignore
    arg [--no-undefined] ==> ignore
    arg [CMakeFiles/cmTC_3384f.dir/OpenMPTryFlag.c.o] ==> ignore
    arg [-latomic] ==> lib [atomic]
    arg [-lm] ==> lib [m]
    arg [-lomp] ==> lib [omp]
    arg [-L/opt/android-sdk/ndk/28.2.13676358/toolchains/llvm/prebuilt/linux-x86_64/lib] ==> dir [/opt/android-sdk/ndk/28.2.13676358/toolchains/llvm/prebuilt/linux-x86_64/lib]
    arg [/opt/android-sdk/ndk/28.2.13676358/toolchains/llvm/prebuilt/linux-x86_64/lib/clang/19/lib/linux/libclang_rt.builtins-arm-android.a] ==> lib [/opt/android-sdk/ndk/28.2.13676358/toolchains/llvm/prebuilt/linux-x86_64/lib/clang/19/lib/linux/libclang_rt.builtins-arm-android.a]
    arg [-l:libunwind.a] ==> lib [-l:libunwind.a]
    arg [-ldl] ==> lib [dl]
    arg [-lc] ==> lib [c]
    arg [/opt/android-sdk/ndk/28.2.13676358/toolchains/llvm/prebuilt/linux-x86_64/lib/clang/19/lib/linux/libclang_rt.builtins-arm-android.a] ==> lib [/opt/android-sdk/ndk/28.2.13676358/toolchains/llvm/prebuilt/linux-x86_64/lib/clang/19/lib/linux/libclang_rt.builtins-arm-android.a]
    arg [-l:libunwind.a] ==> lib [-l:libunwind.a]
    arg [-ldl] ==> lib [dl]
  remove lib [/opt/android-sdk/ndk/28.2.13676358/toolchains/llvm/prebuilt/linux-x86_64/lib/clang/19/lib/linux/libclang_rt.builtins-arm-android.a]
  remove lib [/opt/android-sdk/ndk/28.2.13676358/toolchains/llvm/prebuilt/linux-x86_64/lib/clang/19/lib/linux/libclang_rt.builtins-arm-android.a]
  collapse library dir [/opt/android-sdk/ndk/28.2.13676358/toolchains/llvm/prebuilt/linux-x86_64/lib/clang/19/lib/linux/arm] ==> [/opt/android-sdk/ndk/28.2.13676358/toolchains/llvm/prebuilt/linux-x86_64/lib/clang/19/lib/linux/arm]
  collapse library dir [/opt/android-sdk/ndk/28.2.13676358/toolchains/llvm/prebuilt/linux-x86_64/sysroot/usr/lib/arm-linux-androideabi/26] ==> [/opt/android-sdk/ndk/28.2.13676358/toolchains/llvm/prebuilt/linux-x86_64/sysroot/usr/lib/arm-linux-androideabi/26]
  collapse library dir [/opt/android-sdk/ndk/28.2.13676358/toolchains/llvm/prebuilt/linux-x86_64/sysroot/usr/lib/arm-linux-androideabi] ==> [/opt/android-sdk/ndk/28.2.13676358/toolchains/llvm/prebuilt/linux-x86_64/sysroot/usr/lib/arm-linux-androideabi]
  collapse library dir [/opt/android-sdk/ndk/28.2.13676358/toolchains/llvm/prebuilt/linux-x86_64/sysroot/usr/lib/../lib] ==> [/opt/android-sdk/ndk/28.2.13676358/toolchains/llvm/prebuilt/linux-x86_64/sysroot/usr/lib]
  collapse library dir [/opt/android-sdk/ndk/28.2.13676358/toolchains/llvm/prebuilt/linux-x86_64/sysroot/usr/lib] ==> [/opt/android-sdk/ndk/28.2.13676358/toolchains/llvm/prebuilt/linux-x86_64/sysroot/usr/lib]
  collapse library dir [/opt/android-sdk/ndk/28.2.13676358/toolchains/llvm/prebuilt/linux-x86_64/lib] ==> [/opt/android-sdk/ndk/28.2.13676358/toolchains/llvm/prebuilt/linux-x86_64/lib]
  implicit libs: [atomic;m;omp;-l:libunwind.a;dl;c;-l:libunwind.a;dl]
  implicit objs: []
  implicit dirs: [/opt/android-sdk/ndk/28.2.13676358/toolchains/llvm/prebuilt/linux-x86_64/lib/clang/19/lib/linux/arm;/opt/android-sdk/ndk/28.2.13676358/toolchains/llvm/prebuilt/linux-x86_64/sysroot/usr/lib/arm-linux-androideabi/26;/opt/android-sdk/ndk/28.2.13676358/toolchains/llvm/prebuilt/linux-x86_64/sysroot/usr/lib/arm-linux-androideabi;/opt/android-sdk/ndk/28.2.13676358/toolchains/llvm/prebuilt/linux-x86_64/sysroot/usr/lib;/opt/android-sdk/ndk/28.2.13676358/toolchains/llvm/prebuilt/linux-x86_64/lib]
  implicit fwks: []


Detecting CXX OpenMP compiler ABI info compiled with the following output:
Change Dir: /mnt/e/Gitbutler Repos/komikku-image-scaling/app/.cxx/Debug/5v1f3h20/armeabi-v7a/CMakeFiles/CMakeTmp

Run Build Command(s):/opt/android-sdk/cmake/3.22.1/bin/ninja cmTC_8bb5d && [1/2] Building CXX object CMakeFiles/cmTC_8bb5d.dir/OpenMPTryFlag.cpp.o
Android (13624864, +pgo, +bolt, +lto, +mlgo, based on r530567e) clang version 19.0.1 (https://android.googlesource.com/toolchain/llvm-project 97a699bf4812a18fb657c2779f5296a4ab2694d2)
Target: armv7-none-linux-android26
Thread model: posix
InstalledDir: /opt/android-sdk/ndk/28.2.13676358/toolchains/llvm/prebuilt/linux-x86_64/bin
 (in-process)
 "/opt/android-sdk/ndk/28.2.13676358/toolchains/llvm/prebuilt/linux-x86_64/bin/clang++" -cc1 -triple thumbv7-none-linux-android26 -emit-obj -mrelax-all -disable-free -clear-ast-before-backend -disable-llvm-verifier -discard-value-names -main-file-name OpenMPTryFlag.cpp -mrelocation-model pic -pic-level 2 -pic-is-pie -mframe-pointer=all -ffp-contract=on -fno-rounding-math -mconstructor-aliases -funwind-tables=1 -target-cpu generic -target-feature +soft-float-abi -target-feature +vfp2 -target-feature +vfp2sp -target-feature +vfp3 -target-feature +vfp3d16 -target-feature +vfp3d16sp -target-feature +vfp3sp -target-feature -fp16 -target-feature -vfp4 -target-feature -vfp4d16 -target-feature -vfp4d16sp -target-feature -vfp4sp -target-feature -fp-armv8 -target-feature -fp-armv8d16 -target-feature -fp-armv8d16sp -target-feature -fp-armv8sp -target-feature -fullfp16 -target-feature +fp64 -target-feature +d32 -target-feature +neon -target-feature -sha2 -target-feature -aes -target-feature -fp16fml -target-abi aapcs-linux -mfloat-abi soft -debug-info-kind=constructor -dwarf-version=4 -debugger-tuning=gdb "-fdebug-compilation-dir=/mnt/e/Gitbutler Repos/komikku-image-scaling/app/.cxx/Debug/5v1f3h20/armeabi-v7a/CMakeFiles/CMakeTmp" -v -ffunction-sections -fdata-sections "-fcoverage-compilation-dir=/mnt/e/Gitbutler Repos/komikku-image-scaling/app/.cxx/Debug/5v1f3h20/armeabi-v7a/CMakeFiles/CMakeTmp" -resource-dir /opt/android-sdk/ndk/28.2.13676358/toolchains/llvm/prebuilt/linux-x86_64/lib/clang/19 -dependency-file CMakeFiles/cmTC_8bb5d.dir/OpenMPTryFlag.cpp.o.d -MT CMakeFiles/cmTC_8bb5d.dir/OpenMPTryFlag.cpp.o -sys-header-deps -D ANDROID -D _FORTIFY_SOURCE=2 -isysroot /opt/android-sdk/ndk/28.2.13676358/toolchains/llvm/prebuilt/linux-x86_64/sysroot -internal-isystem /opt/android-sdk/ndk/28.2.13676358/toolchains/llvm/prebuilt/linux-x86_64/sysroot/usr/include/c++/v1 -internal-isystem /opt/android-sdk/ndk/28.2.13676358/toolchains/llvm/prebuilt/linux-x86_64/lib/clang/19/include -internal-isystem /opt/android-sdk/ndk/28.2.13676358/toolchains/llvm/prebuilt/linux-x86_64/sysroot/usr/local/include -internal-externc-isystem /opt/android-sdk/ndk/28.2.13676358/toolchains/llvm/prebuilt/linux-x86_64/sysroot/usr/include/arm-linux-androideabi -internal-externc-isystem /opt/android-sdk/ndk/28.2.13676358/toolchains/llvm/prebuilt/linux-x86_64/sysroot/include -internal-externc-isystem /opt/android-sdk/ndk/28.2.13676358/toolchains/llvm/prebuilt/linux-x86_64/sysroot/usr/include -Wformat -Werror=format-security -fdeprecated-macro -ferror-limit 19 -femulated-tls -fopenmp -stack-protector 2 -fno-signed-char -fgnuc-version=4.2.1 -fskip-odr-check-in-gmf -fcxx-exceptions -fexceptions -D__GCC_HAVE_DWARF2_CFI_ASM=1 -o CMakeFiles/cmTC_8bb5d.dir/OpenMPTryFlag.cpp.o -x c++ "/mnt/e/Gitbutler Repos/komikku-image-scaling/app/.cxx/Debug/5v1f3h20/armeabi-v7a/CMakeFiles/FindOpenMP/OpenMPTryFlag.cpp"
clang -cc1 version 19.0.1 based upon LLVM 19.0.1 default target x86_64-unknown-linux-gnu
ignoring nonexistent directory "/opt/android-sdk/ndk/28.2.13676358/toolchains/llvm/prebuilt/linux-x86_64/sysroot/usr/local/include"
ignoring nonexistent directory "/opt/android-sdk/ndk/28.2.13676358/toolchains/llvm/prebuilt/linux-x86_64/sysroot/include"
#include "..." search starts here:
#include <...> search starts here:
 /opt/android-sdk/ndk/28.2.13676358/toolchains/llvm/prebuilt/linux-x86_64/sysroot/usr/include/c++/v1
 /opt/android-sdk/ndk/28.2.13676358/toolchains/llvm/prebuilt/linux-x86_64/lib/clang/19/include
 /opt/android-sdk/ndk/28.2.13676358/toolchains/llvm/prebuilt/linux-x86_64/sysroot/usr/include/arm-linux-androideabi
 /opt/android-sdk/ndk/28.2.13676358/toolchains/llvm/prebuilt/linux-x86_64/sysroot/usr/include
End of search list.
[2/2] Linking CXX executable cmTC_8bb5d
Android (13624864, +pgo, +bolt, +lto, +mlgo, based on r530567e) clang version 19.0.1 (https://android.googlesource.com/toolchain/llvm-project 97a699bf4812a18fb657c2779f5296a4ab2694d2)
Target: armv7-none-linux-android26
Thread model: posix
InstalledDir: /opt/android-sdk/ndk/28.2.13676358/toolchains/llvm/prebuilt/linux-x86_64/bin
 "/opt/android-sdk/ndk/28.2.13676358/toolchains/llvm/prebuilt/linux-x86_64/bin/ld.lld" --sysroot=/opt/android-sdk/ndk/28.2.13676358/toolchains/llvm/prebuilt/linux-x86_64/sysroot -EL -z now -z relro -z max-page-size=4096 -X --hash-style=gnu --eh-frame-hdr -m armelf_linux_eabi -pie -dynamic-linker /system/bin/linker -o cmTC_8bb5d /opt/android-sdk/ndk/28.2.13676358/toolchains/llvm/prebuilt/linux-x86_64/sysroot/usr/lib/arm-linux-androideabi/26/crtbegin_dynamic.o -L/opt/android-sdk/ndk/28.2.13676358/toolchains/llvm/prebuilt/linux-x86_64/lib/clang/19/lib/linux/arm -L/opt/android-sdk/ndk/28.2.13676358/toolchains/llvm/prebuilt/linux-x86_64/sysroot/usr/lib/arm-linux-androideabi/26 -L/opt/android-sdk/ndk/28.2.13676358/toolchains/llvm/prebuilt/linux-x86_64/sysroot/usr/lib/arm-linux-androideabi -L/opt/android-sdk/ndk/28.2.13676358/toolchains/llvm/prebuilt/linux-x86_64/sysroot/usr/lib/../lib -L/opt/android-sdk/ndk/28.2.13676358/toolchains/llvm/prebuilt/linux-x86_64/sysroot/usr/lib --build-id=sha1 --no-rosegment --no-undefined-version --fatal-warnings --no-undefined CMakeFiles/cmTC_8bb5d.dir/OpenMPTryFlag.cpp.o -latomic -lm -Bstatic -lc++ -Bdynamic -lm -lomp -L/opt/android-sdk/ndk/28.2.13676358/toolchains/llvm/prebuilt/linux-x86_64/lib /opt/android-sdk/ndk/28.2.13676358/toolchains/llvm/prebuilt/linux-x86_64/lib/clang/19/lib/linux/libclang_rt.builtins-arm-android.a -l:libunwind.a -ldl -lc /opt/android-sdk/ndk/28.2.13676358/toolchains/llvm/prebuilt/linux-x86_64/lib/clang/19/lib/linux/libclang_rt.builtins-arm-android.a -l:libunwind.a -ldl /opt/android-sdk/ndk/28.2.13676358/toolchains/llvm/prebuilt/linux-x86_64/sysroot/usr/lib/arm-linux-androideabi/26/crtend_android.o



Parsed CXX OpenMP implicit link information from above output:
  link line regex: [^( *|.*[/\])(ld\.lld|CMAKE_LINK_STARTFILE-NOTFOUND|([^/\]+-)?ld|collect2)[^/\]*( |$)]
  ignore line: [Change Dir: /mnt/e/Gitbutler Repos/komikku-image-scaling/app/.cxx/Debug/5v1f3h20/armeabi-v7a/CMakeFiles/CMakeTmp]
  ignore line: []
  ignore line: [Run Build Command(s):/opt/android-sdk/cmake/3.22.1/bin/ninja cmTC_8bb5d && [1/2] Building CXX object CMakeFiles/cmTC_8bb5d.dir/OpenMPTryFlag.cpp.o]
  ignore line: [Android (13624864  +pgo  +bolt  +lto  +mlgo  based on r530567e) clang version 19.0.1 (https://android.googlesource.com/toolchain/llvm-project 97a699bf4812a18fb657c2779f5296a4ab2694d2)]
  ignore line: [Target: armv7-none-linux-android26]
  ignore line: [Thread model: posix]
  ignore line: [InstalledDir: /opt/android-sdk/ndk/28.2.13676358/toolchains/llvm/prebuilt/linux-x86_64/bin]
  ignore line: [ (in-process)]
  ignore line: [ "/opt/android-sdk/ndk/28.2.13676358/toolchains/llvm/prebuilt/linux-x86_64/bin/clang++" -cc1 -triple thumbv7-none-linux-android26 -emit-obj -mrelax-all -disable-free -clear-ast-before-backend -disable-llvm-verifier -discard-value-names -main-file-name OpenMPTryFlag.cpp -mrelocation-model pic -pic-level 2 -pic-is-pie -mframe-pointer=all -ffp-contract=on -fno-rounding-math -mconstructor-aliases -funwind-tables=1 -target-cpu generic -target-feature +soft-float-abi -target-feature +vfp2 -target-feature +vfp2sp -target-feature +vfp3 -target-feature +vfp3d16 -target-feature +vfp3d16sp -target-feature +vfp3sp -target-feature -fp16 -target-feature -vfp4 -target-feature -vfp4d16 -target-feature -vfp4d16sp -target-feature -vfp4sp -target-feature -fp-armv8 -target-feature -fp-armv8d16 -target-feature -fp-armv8d16sp -target-feature -fp-armv8sp -target-feature -fullfp16 -target-feature +fp64 -target-feature +d32 -target-feature +neon -target-feature -sha2 -target-feature -aes -target-feature -fp16fml -target-abi aapcs-linux -mfloat-abi soft -debug-info-kind=constructor -dwarf-version=4 -debugger-tuning=gdb "-fdebug-compilation-dir=/mnt/e/Gitbutler Repos/komikku-image-scaling/app/.cxx/Debug/5v1f3h20/armeabi-v7a/CMakeFiles/CMakeTmp" -v -ffunction-sections -fdata-sections "-fcoverage-compilation-dir=/mnt/e/Gitbutler Repos/komikku-image-scaling/app/.cxx/Debug/5v1f3h20/armeabi-v7a/CMakeFiles/CMakeTmp" -resource-dir /opt/android-sdk/ndk/28.2.13676358/toolchains/llvm/prebuilt/linux-x86_64/lib/clang/19 -dependency-file CMakeFiles/cmTC_8bb5d.dir/OpenMPTryFlag.cpp.o.d -MT CMakeFiles/cmTC_8bb5d.dir/OpenMPTryFlag.cpp.o -sys-header-deps -D ANDROID -D _FORTIFY_SOURCE=2 -isysroot /opt/android-sdk/ndk/28.2.13676358/toolchains/llvm/prebuilt/linux-x86_64/sysroot -internal-isystem /opt/android-sdk/ndk/28.2.13676358/toolchains/llvm/prebuilt/linux-x86_64/sysroot/usr/include/c++/v1 -internal-isystem /opt/android-sdk/ndk/28.2.13676358/toolchains/llvm/prebuilt/linux-x86_64/lib/clang/19/include -internal-isystem /opt/android-sdk/ndk/28.2.13676358/toolchains/llvm/prebuilt/linux-x86_64/sysroot/usr/local/include -internal-externc-isystem /opt/android-sdk/ndk/28.2.13676358/toolchains/llvm/prebuilt/linux-x86_64/sysroot/usr/include/arm-linux-androideabi -internal-externc-isystem /opt/android-sdk/ndk/28.2.13676358/toolchains/llvm/prebuilt/linux-x86_64/sysroot/include -internal-externc-isystem /opt/android-sdk/ndk/28.2.13676358/toolchains/llvm/prebuilt/linux-x86_64/sysroot/usr/include -Wformat -Werror=format-security -fdeprecated-macro -ferror-limit 19 -femulated-tls -fopenmp -stack-protector 2 -fno-signed-char -fgnuc-version=4.2.1 -fskip-odr-check-in-gmf -fcxx-exceptions -fexceptions -D__GCC_HAVE_DWARF2_CFI_ASM=1 -o CMakeFiles/cmTC_8bb5d.dir/OpenMPTryFlag.cpp.o -x c++ "/mnt/e/Gitbutler Repos/komikku-image-scaling/app/.cxx/Debug/5v1f3h20/armeabi-v7a/CMakeFiles/FindOpenMP/OpenMPTryFlag.cpp"]
  ignore line: [clang -cc1 version 19.0.1 based upon LLVM 19.0.1 default target x86_64-unknown-linux-gnu]
  ignore line: [ignoring nonexistent directory "/opt/android-sdk/ndk/28.2.13676358/toolchains/llvm/prebuilt/linux-x86_64/sysroot/usr/local/include"]
  ignore line: [ignoring nonexistent directory "/opt/android-sdk/ndk/28.2.13676358/toolchains/llvm/prebuilt/linux-x86_64/sysroot/include"]
  ignore line: [#include "..." search starts here:]
  ignore line: [#include <...> search starts here:]
  ignore line: [ /opt/android-sdk/ndk/28.2.13676358/toolchains/llvm/prebuilt/linux-x86_64/sysroot/usr/include/c++/v1]
  ignore line: [ /opt/android-sdk/ndk/28.2.13676358/toolchains/llvm/prebuilt/linux-x86_64/lib/clang/19/include]
  ignore line: [ /opt/android-sdk/ndk/28.2.13676358/toolchains/llvm/prebuilt/linux-x86_64/sysroot/usr/include/arm-linux-androideabi]
  ignore line: [ /opt/android-sdk/ndk/28.2.13676358/toolchains/llvm/prebuilt/linux-x86_64/sysroot/usr/include]
  ignore line: [End of search list.]
  ignore line: [[2/2] Linking CXX executable cmTC_8bb5d]
  ignore line: [Android (13624864  +pgo  +bolt  +lto  +mlgo  based on r530567e) clang version 19.0.1 (https://android.googlesource.com/toolchain/llvm-project 97a699bf4812a18fb657c2779f5296a4ab2694d2)]
  ignore line: [Target: armv7-none-linux-android26]
  ignore line: [Thread model: posix]
  ignore line: [InstalledDir: /opt/android-sdk/ndk/28.2.13676358/toolchains/llvm/prebuilt/linux-x86_64/bin]
  link line: [ "/opt/android-sdk/ndk/28.2.13676358/toolchains/llvm/prebuilt/linux-x86_64/bin/ld.lld" --sysroot=/opt/android-sdk/ndk/28.2.13676358/toolchains/llvm/prebuilt/linux-x86_64/sysroot -EL -z now -z relro -z max-page-size=4096 -X --hash-style=gnu --eh-frame-hdr -m armelf_linux_eabi -pie -dynamic-linker /system/bin/linker -o cmTC_8bb5d /opt/android-sdk/ndk/28.2.13676358/toolchains/llvm/prebuilt/linux-x86_64/sysroot/usr/lib/arm-linux-androideabi/26/crtbegin_dynamic.o -L/opt/android-sdk/ndk/28.2.13676358/toolchains/llvm/prebuilt/linux-x86_64/lib/clang/19/lib/linux/arm -L/opt/android-sdk/ndk/28.2.13676358/toolchains/llvm/prebuilt/linux-x86_64/sysroot/usr/lib/arm-linux-androideabi/26 -L/opt/android-sdk/ndk/28.2.13676358/toolchains/llvm/prebuilt/linux-x86_64/sysroot/usr/lib/arm-linux-androideabi -L/opt/android-sdk/ndk/28.2.13676358/toolchains/llvm/prebuilt/linux-x86_64/sysroot/usr/lib/../lib -L/opt/android-sdk/ndk/28.2.13676358/toolchains/llvm/prebuilt/linux-x86_64/sysroot/usr/lib --build-id=sha1 --no-rosegment --no-undefined-version --fatal-warnings --no-undefined CMakeFiles/cmTC_8bb5d.dir/OpenMPTryFlag.cpp.o -latomic -lm -Bstatic -lc++ -Bdynamic -lm -lomp -L/opt/android-sdk/ndk/28.2.13676358/toolchains/llvm/prebuilt/linux-x86_64/lib /opt/android-sdk/ndk/28.2.13676358/toolchains/llvm/prebuilt/linux-x86_64/lib/clang/19/lib/linux/libclang_rt.builtins-arm-android.a -l:libunwind.a -ldl -lc /opt/android-sdk/ndk/28.2.13676358/toolchains/llvm/prebuilt/linux-x86_64/lib/clang/19/lib/linux/libclang_rt.builtins-arm-android.a -l:libunwind.a -ldl /opt/android-sdk/ndk/28.2.13676358/toolchains/llvm/prebuilt/linux-x86_64/sysroot/usr/lib/arm-linux-androideabi/26/crtend_android.o]
    arg [/opt/android-sdk/ndk/28.2.13676358/toolchains/llvm/prebuilt/linux-x86_64/bin/ld.lld] ==> ignore
    arg [--sysroot=/opt/android-sdk/ndk/28.2.13676358/toolchains/llvm/prebuilt/linux-x86_64/sysroot] ==> ignore
    arg [-EL] ==> ignore
    arg [-znow] ==> ignore
    arg [-zrelro] ==> ignore
    arg [-zmax-page-size=4096] ==> ignore
    arg [-X] ==> ignore
    arg [--hash-style=gnu] ==> ignore
    arg [--eh-frame-hdr] ==> ignore
    arg [-m] ==> ignore
    arg [armelf_linux_eabi] ==> ignore
    arg [-pie] ==> ignore
    arg [-dynamic-linker] ==> ignore
    arg [/system/bin/linker] ==> ignore
    arg [-o] ==> ignore
    arg [cmTC_8bb5d] ==> ignore
    arg [-L/opt/android-sdk/ndk/28.2.13676358/toolchains/llvm/prebuilt/linux-x86_64/lib/clang/19/lib/linux/arm] ==> dir [/opt/android-sdk/ndk/28.2.13676358/toolchains/llvm/prebuilt/linux-x86_64/lib/clang/19/lib/linux/arm]
    arg [-L/opt/android-sdk/ndk/28.2.13676358/toolchains/llvm/prebuilt/linux-x86_64/sysroot/usr/lib/arm-linux-androideabi/26] ==> dir [/opt/android-sdk/ndk/28.2.13676358/toolchains/llvm/prebuilt/linux-x86_64/sysroot/usr/lib/arm-linux-androideabi/26]
    arg [-L/opt/android-sdk/ndk/28.2.13676358/toolchains/llvm/prebuilt/linux-x86_64/sysroot/usr/lib/arm-linux-androideabi] ==> dir [/opt/android-sdk/ndk/28.2.13676358/toolchains/llvm/prebuilt/linux-x86_64/sysroot/usr/lib/arm-linux-androideabi]
    arg [-L/opt/android-sdk/ndk/28.2.13676358/toolchains/llvm/prebuilt/linux-x86_64/sysroot/usr/lib/../lib] ==> dir [/opt/android-sdk/ndk/28.2.13676358/toolchains/llvm/prebuilt/linux-x86_64/sysroot/usr/lib/../lib]
    arg [-L/opt/android-sdk/ndk/28.2.13676358/toolchains/llvm/prebuilt/linux-x86_64/sysroot/usr/lib] ==> dir [/opt/android-sdk/ndk/28.2.13676358/toolchains/llvm/prebuilt/linux-x86_64/sysroot/usr/lib]
    arg [--build-id=sha1] ==> ignore
    arg [--no-rosegment] ==> ignore
    arg [--no-undefined-version] ==> ignore
    arg [--fatal-warnings] ==> ignore
    arg [--no-undefined] ==> ignore
    arg [CMakeFiles/cmTC_8bb5d.dir/OpenMPTryFlag.cpp.o] ==> ignore
    arg [-latomic] ==> lib [atomic]
    arg [-lm] ==> lib [m]
    arg [-Bstatic] ==> search static
    arg [-lc++] ==> lib [c++]
    arg [-Bdynamic] ==> search dynamic
    arg [-lm] ==> lib [m]
    arg [-lomp] ==> lib [omp]
    arg [-L/opt/android-sdk/ndk/28.2.13676358/toolchains/llvm/prebuilt/linux-x86_64/lib] ==> dir [/opt/android-sdk/ndk/28.2.13676358/toolchains/llvm/prebuilt/linux-x86_64/lib]
    arg [/opt/android-sdk/ndk/28.2.13676358/toolchains/llvm/prebuilt/linux-x86_64/lib/clang/19/lib/linux/libclang_rt.builtins-arm-android.a] ==> lib [/opt/android-sdk/ndk/28.2.13676358/toolchains/llvm/prebuilt/linux-x86_64/lib/clang/19/lib/linux/libclang_rt.builtins-arm-android.a]
    arg [-l:libunwind.a] ==> lib [-l:libunwind.a]
    arg [-ldl] ==> lib [dl]
    arg [-lc] ==> lib [c]
    arg [/opt/android-sdk/ndk/28.2.13676358/toolchains/llvm/prebuilt/linux-x86_64/lib/clang/19/lib/linux/libclang_rt.builtins-arm-android.a] ==> lib [/opt/android-sdk/ndk/28.2.13676358/toolchains/llvm/prebuilt/linux-x86_64/lib/clang/19/lib/linux/libclang_rt.builtins-arm-android.a]
    arg [-l:libunwind.a] ==> lib [-l:libunwind.a]
    arg [-ldl] ==> lib [dl]
  remove lib [/opt/android-sdk/ndk/28.2.13676358/toolchains/llvm/prebuilt/linux-x86_64/lib/clang/19/lib/linux/libclang_rt.builtins-arm-android.a]
  remove lib [/opt/android-sdk/ndk/28.2.13676358/toolchains/llvm/prebuilt/linux-x86_64/lib/clang/19/lib/linux/libclang_rt.builtins-arm-android.a]
  collapse library dir [/opt/android-sdk/ndk/28.2.13676358/toolchains/llvm/prebuilt/linux-x86_64/lib/clang/19/lib/linux/arm] ==> [/opt/android-sdk/ndk/28.2.13676358/toolchains/llvm/prebuilt/linux-x86_64/lib/clang/19/lib/linux/arm]
  collapse library dir [/opt/android-sdk/ndk/28.2.13676358/toolchains/llvm/prebuilt/linux-x86_64/sysroot/usr/lib/arm-linux-androideabi/26] ==> [/opt/android-sdk/ndk/28.2.13676358/toolchains/llvm/prebuilt/linux-x86_64/sysroot/usr/lib/arm-linux-androideabi/26]
  collapse library dir [/opt/android-sdk/ndk/28.2.13676358/toolchains/llvm/prebuilt/linux-x86_64/sysroot/usr/lib/arm-linux-androideabi] ==> [/opt/android-sdk/ndk/28.2.13676358/toolchains/llvm/prebuilt/linux-x86_64/sysroot/usr/lib/arm-linux-androideabi]
  collapse library dir [/opt/android-sdk/ndk/28.2.13676358/toolchains/llvm/prebuilt/linux-x86_64/sysroot/usr/lib/../lib] ==> [/opt/android-sdk/ndk/28.2.13676358/toolchains/llvm/prebuilt/linux-x86_64/sysroot/usr/lib]
  collapse library dir [/opt/android-sdk/ndk/28.2.13676358/toolchains/llvm/prebuilt/linux-x86_64/sysroot/usr/lib] ==> [/opt/android-sdk/ndk/28.2.13676358/toolchains/llvm/prebuilt/linux-x86_64/sysroot/usr/lib]
  collapse library dir [/opt/android-sdk/ndk/28.2.13676358/toolchains/llvm/prebuilt/linux-x86_64/lib] ==> [/opt/android-sdk/ndk/28.2.13676358/toolchains/llvm/prebuilt/linux-x86_64/lib]
  implicit libs: [atomic;m;c++;m;omp;-l:libunwind.a;dl;c;-l:libunwind.a;dl]
  implicit objs: []
  implicit dirs: [/opt/android-sdk/ndk/28.2.13676358/toolchains/llvm/prebuilt/linux-x86_64/lib/clang/19/lib/linux/arm;/opt/android-sdk/ndk/28.2.13676358/toolchains/llvm/prebuilt/linux-x86_64/sysroot/usr/lib/arm-linux-androideabi/26;/opt/android-sdk/ndk/28.2.13676358/toolchains/llvm/prebuilt/linux-x86_64/sysroot/usr/lib/arm-linux-androideabi;/opt/android-sdk/ndk/28.2.13676358/toolchains/llvm/prebuilt/linux-x86_64/sysroot/usr/lib;/opt/android-sdk/ndk/28.2.13676358/toolchains/llvm/prebuilt/linux-x86_64/lib]
  implicit fwks: []


Determining if the include file pthread.h exists passed with the following output:
Change Dir: /mnt/e/Gitbutler Repos/komikku-image-scaling/app/.cxx/Debug/5v1f3h20/armeabi-v7a/CMakeFiles/CMakeTmp

Run Build Command(s):/opt/android-sdk/cmake/3.22.1/bin/ninja cmTC_626b6 && [1/2] Building C object CMakeFiles/cmTC_626b6.dir/CheckIncludeFile.c.o
[2/2] Linking C executable cmTC_626b6



